Component: ARM Compiler 5.06 update 6 (build 750) Tool: armlink [4d35ed]

==============================================================================

Section Cross References

    main.o(i.main) refers to main.o(i.tTaskSchedInit) for tTaskSchedInit
    main.o(i.main) refers to main.o(i.tTaskDelayedInit) for tTaskDelayedInit
    main.o(i.main) refers to app.o(i.tInitApp) for tInitApp
    main.o(i.main) refers to ttask.o(i.tTaskInit) for tTaskInit
    main.o(i.main) refers to main.o(i.tTaskHighestReady) for tTaskHighestReady
    main.o(i.main) refers to switch.o(i.tTaskRunFirst) for tTaskRunFirst
    main.o(i.main) refers to main.o(.bss) for idleTaskEnv
    main.o(i.main) refers to main.o(i.idleTaskEntry) for idleTaskEntry
    main.o(i.main) refers to main.o(.data) for idleTask
    main.o(i.tTaskDelayedInit) refers to tlist.o(i.tListInit) for tListInit
    main.o(i.tTaskDelayedInit) refers to main.o(.bss) for tTaskDelayedList
    main.o(i.tTaskHighestReady) refers to tbitmap.o(i.tBitmapGetFirstSet) for tBitmapGetFirstSet
    main.o(i.tTaskHighestReady) refers to tlist.o(i.tListFirst) for tListFirst
    main.o(i.tTaskHighestReady) refers to main.o(.data) for taskPrioBitmap
    main.o(i.tTaskHighestReady) refers to main.o(.bss) for taskTable
    main.o(i.tTaskSched) refers to switch.o(i.tTaskEnterCritical) for tTaskEnterCritical
    main.o(i.tTaskSched) refers to switch.o(i.tTaskExitCritical) for tTaskExitCritical
    main.o(i.tTaskSched) refers to main.o(i.tTaskHighestReady) for tTaskHighestReady
    main.o(i.tTaskSched) refers to switch.o(i.tTaskSwitch) for tTaskSwitch
    main.o(i.tTaskSched) refers to main.o(.data) for schedLockCount
    main.o(i.tTaskSchedDisable) refers to switch.o(i.tTaskEnterCritical) for tTaskEnterCritical
    main.o(i.tTaskSchedDisable) refers to switch.o(i.tTaskExitCritical) for tTaskExitCritical
    main.o(i.tTaskSchedDisable) refers to main.o(.data) for schedLockCount
    main.o(i.tTaskSchedEnable) refers to switch.o(i.tTaskEnterCritical) for tTaskEnterCritical
    main.o(i.tTaskSchedEnable) refers to main.o(i.tTaskSched) for tTaskSched
    main.o(i.tTaskSchedEnable) refers to switch.o(i.tTaskExitCritical) for tTaskExitCritical
    main.o(i.tTaskSchedEnable) refers to main.o(.data) for schedLockCount
    main.o(i.tTaskSchedInit) refers to tbitmap.o(i.tBitmapInit) for tBitmapInit
    main.o(i.tTaskSchedInit) refers to tlist.o(i.tListInit) for tListInit
    main.o(i.tTaskSchedInit) refers to main.o(.data) for schedLockCount
    main.o(i.tTaskSchedInit) refers to main.o(.bss) for taskTable
    main.o(i.tTaskSchedRdy) refers to tlist.o(i.tListAddFirst) for tListAddFirst
    main.o(i.tTaskSchedRdy) refers to tbitmap.o(i.tBitmapSet) for tBitmapSet
    main.o(i.tTaskSchedRdy) refers to main.o(.bss) for taskTable
    main.o(i.tTaskSchedRdy) refers to main.o(.data) for taskPrioBitmap
    main.o(i.tTaskSchedRemove) refers to tlist.o(i.tListRemove) for tListRemove
    main.o(i.tTaskSchedRemove) refers to tlist.o(i.tListCount) for tListCount
    main.o(i.tTaskSchedRemove) refers to tbitmap.o(i.tBitmapClear) for tBitmapClear
    main.o(i.tTaskSchedRemove) refers to main.o(.bss) for taskTable
    main.o(i.tTaskSchedRemove) refers to main.o(.data) for taskPrioBitmap
    main.o(i.tTaskSchedUnRdy) refers to tlist.o(i.tListRemove) for tListRemove
    main.o(i.tTaskSchedUnRdy) refers to tlist.o(i.tListCount) for tListCount
    main.o(i.tTaskSchedUnRdy) refers to tbitmap.o(i.tBitmapClear) for tBitmapClear
    main.o(i.tTaskSchedUnRdy) refers to main.o(.bss) for taskTable
    main.o(i.tTaskSchedUnRdy) refers to main.o(.data) for taskPrioBitmap
    main.o(i.tTaskSystemTickHandler) refers to switch.o(i.tTaskEnterCritical) for tTaskEnterCritical
    main.o(i.tTaskSystemTickHandler) refers to tevent.o(i.tEventRemoveTask) for tEventRemoveTask
    main.o(i.tTaskSystemTickHandler) refers to main.o(i.tTimeTaskWakeUp) for tTimeTaskWakeUp
    main.o(i.tTaskSystemTickHandler) refers to main.o(i.tTaskSchedRdy) for tTaskSchedRdy
    main.o(i.tTaskSystemTickHandler) refers to tlist.o(i.tListCount) for tListCount
    main.o(i.tTaskSystemTickHandler) refers to tlist.o(i.tListRemoveFirst) for tListRemoveFirst
    main.o(i.tTaskSystemTickHandler) refers to tlist.o(i.tListAddLast) for tListAddLast
    main.o(i.tTaskSystemTickHandler) refers to switch.o(i.tTaskExitCritical) for tTaskExitCritical
    main.o(i.tTaskSystemTickHandler) refers to main.o(i.tTaskSched) for tTaskSched
    main.o(i.tTaskSystemTickHandler) refers to main.o(.bss) for tTaskDelayedList
    main.o(i.tTaskSystemTickHandler) refers to main.o(.data) for currentTask
    main.o(i.tTimeTaskRemove) refers to tlist.o(i.tListRemove) for tListRemove
    main.o(i.tTimeTaskRemove) refers to main.o(.bss) for tTaskDelayedList
    main.o(i.tTimeTaskWait) refers to tlist.o(i.tListAddLast) for tListAddLast
    main.o(i.tTimeTaskWait) refers to main.o(.bss) for tTaskDelayedList
    main.o(i.tTimeTaskWakeUp) refers to tlist.o(i.tListRemove) for tListRemove
    main.o(i.tTimeTaskWakeUp) refers to main.o(.bss) for tTaskDelayedList
    switch.o(.emb_text) refers to main.o(.data) for currentTask
    tbitmap.o(i.tBitmapGetFirstSet) refers to tbitmap.o(i.tBitmapPosCount) for tBitmapPosCount
    tbitmap.o(i.tBitmapGetFirstSet) refers to tbitmap.o(.constdata) for quickFindTable
    ttask.o(i.tTaskDeleteSelf) refers to switch.o(i.tTaskEnterCritical) for tTaskEnterCritical
    ttask.o(i.tTaskDeleteSelf) refers to main.o(i.tTaskSchedRemove) for tTaskSchedRemove
    ttask.o(i.tTaskDeleteSelf) refers to main.o(i.tTaskSched) for tTaskSched
    ttask.o(i.tTaskDeleteSelf) refers to switch.o(i.tTaskExitCritical) for tTaskExitCritical
    ttask.o(i.tTaskDeleteSelf) refers to main.o(.data) for currentTask
    ttask.o(i.tTaskForceDelete) refers to switch.o(i.tTaskEnterCritical) for tTaskEnterCritical
    ttask.o(i.tTaskForceDelete) refers to main.o(i.tTimeTaskRemove) for tTimeTaskRemove
    ttask.o(i.tTaskForceDelete) refers to main.o(i.tTaskSchedRemove) for tTaskSchedRemove
    ttask.o(i.tTaskForceDelete) refers to main.o(i.tTaskSched) for tTaskSched
    ttask.o(i.tTaskForceDelete) refers to switch.o(i.tTaskExitCritical) for tTaskExitCritical
    ttask.o(i.tTaskForceDelete) refers to main.o(.data) for currentTask
    ttask.o(i.tTaskGetInfo) refers to switch.o(i.tTaskEnterCritical) for tTaskEnterCritical
    ttask.o(i.tTaskGetInfo) refers to switch.o(i.tTaskExitCritical) for tTaskExitCritical
    ttask.o(i.tTaskInit) refers to tlist.o(i.tNodeInit) for tNodeInit
    ttask.o(i.tTaskInit) refers to main.o(i.tTaskSchedRdy) for tTaskSchedRdy
    ttask.o(i.tTaskIsRequestDeleted) refers to switch.o(i.tTaskEnterCritical) for tTaskEnterCritical
    ttask.o(i.tTaskIsRequestDeleted) refers to switch.o(i.tTaskExitCritical) for tTaskExitCritical
    ttask.o(i.tTaskIsRequestDeleted) refers to main.o(.data) for currentTask
    ttask.o(i.tTaskRequestDelete) refers to switch.o(i.tTaskEnterCritical) for tTaskEnterCritical
    ttask.o(i.tTaskRequestDelete) refers to switch.o(i.tTaskExitCritical) for tTaskExitCritical
    ttask.o(i.tTaskSuspend) refers to switch.o(i.tTaskEnterCritical) for tTaskEnterCritical
    ttask.o(i.tTaskSuspend) refers to main.o(i.tTaskSchedUnRdy) for tTaskSchedUnRdy
    ttask.o(i.tTaskSuspend) refers to main.o(i.tTaskSched) for tTaskSched
    ttask.o(i.tTaskSuspend) refers to switch.o(i.tTaskExitCritical) for tTaskExitCritical
    ttask.o(i.tTaskSuspend) refers to main.o(.data) for currentTask
    ttask.o(i.tTaskWakeUp) refers to switch.o(i.tTaskEnterCritical) for tTaskEnterCritical
    ttask.o(i.tTaskWakeUp) refers to main.o(i.tTaskSchedRdy) for tTaskSchedRdy
    ttask.o(i.tTaskWakeUp) refers to main.o(i.tTaskSched) for tTaskSched
    ttask.o(i.tTaskWakeUp) refers to switch.o(i.tTaskExitCritical) for tTaskExitCritical
    ttime.o(i.tTaskDelay) refers to switch.o(i.tTaskEnterCritical) for tTaskEnterCritical
    ttime.o(i.tTaskDelay) refers to main.o(i.tTimeTaskWait) for tTimeTaskWait
    ttime.o(i.tTaskDelay) refers to main.o(i.tTaskSchedUnRdy) for tTaskSchedUnRdy
    ttime.o(i.tTaskDelay) refers to switch.o(i.tTaskExitCritical) for tTaskExitCritical
    ttime.o(i.tTaskDelay) refers to main.o(i.tTaskSched) for tTaskSched
    ttime.o(i.tTaskDelay) refers to main.o(.data) for currentTask
    tcpu.o(i.SysTick_Handler) refers to main.o(i.tTaskSystemTickHandler) for tTaskSystemTickHandler
    tcpu.o(i.tSetSysTickPeriod) refers to system_armcm3.o(.data) for SystemCoreClock
    app.o(i.tInitApp) refers to ttask.o(i.tTaskInit) for tTaskInit
    app.o(i.tInitApp) refers to app.o(.bss) for task1Env
    app.o(i.tInitApp) refers to app.o(i.task1Entry) for task1Entry
    app.o(i.tInitApp) refers to app.o(i.task2Entry) for task2Entry
    app.o(i.tInitApp) refers to app.o(i.task3Entry) for task3Entry
    app.o(i.tInitApp) refers to app.o(i.task4Entry) for task4Entry
    app.o(i.task1Entry) refers to tcpu.o(i.tSetSysTickPeriod) for tSetSysTickPeriod
    app.o(i.task1Entry) refers to tmutex.o(i.tMutexInit) for tMutexInit
    app.o(i.task1Entry) refers to tmutex.o(i.tMutexWait) for tMutexWait
    app.o(i.task1Entry) refers to ttime.o(i.tTaskDelay) for tTaskDelay
    app.o(i.task1Entry) refers to tmutex.o(i.tMutexNotify) for tMutexNotify
    app.o(i.task1Entry) refers to app.o(.bss) for mutex
    app.o(i.task1Entry) refers to app.o(.data) for task1Flag
    app.o(i.task2Entry) refers to tmutex.o(i.tMutexWait) for tMutexWait
    app.o(i.task2Entry) refers to ttime.o(i.tTaskDelay) for tTaskDelay
    app.o(i.task2Entry) refers to tmutex.o(i.tMutexNotify) for tMutexNotify
    app.o(i.task2Entry) refers to app.o(.bss) for mutex
    app.o(i.task2Entry) refers to app.o(.data) for task2Flag
    app.o(i.task3Entry) refers to ttime.o(i.tTaskDelay) for tTaskDelay
    app.o(i.task3Entry) refers to app.o(.data) for task3Flag
    app.o(i.task4Entry) refers to ttime.o(i.tTaskDelay) for tTaskDelay
    app.o(i.task4Entry) refers to app.o(.data) for task4Flag
    tevent.o(i.tEventInit) refers to tlist.o(i.tListInit) for tListInit
    tevent.o(i.tEventRemoveAll) refers to switch.o(i.tTaskEnterCritical) for tTaskEnterCritical
    tevent.o(i.tEventRemoveAll) refers to tlist.o(i.tListCount) for tListCount
    tevent.o(i.tEventRemoveAll) refers to main.o(i.tTimeTaskWakeUp) for tTimeTaskWakeUp
    tevent.o(i.tEventRemoveAll) refers to main.o(i.tTaskSchedRdy) for tTaskSchedRdy
    tevent.o(i.tEventRemoveAll) refers to tlist.o(i.tListRemoveFirst) for tListRemoveFirst
    tevent.o(i.tEventRemoveAll) refers to switch.o(i.tTaskExitCritical) for tTaskExitCritical
    tevent.o(i.tEventRemoveTask) refers to switch.o(i.tTaskEnterCritical) for tTaskEnterCritical
    tevent.o(i.tEventRemoveTask) refers to tlist.o(i.tListRemove) for tListRemove
    tevent.o(i.tEventRemoveTask) refers to switch.o(i.tTaskExitCritical) for tTaskExitCritical
    tevent.o(i.tEventWait) refers to switch.o(i.tTaskEnterCritical) for tTaskEnterCritical
    tevent.o(i.tEventWait) refers to main.o(i.tTaskSchedUnRdy) for tTaskSchedUnRdy
    tevent.o(i.tEventWait) refers to tlist.o(i.tListAddLast) for tListAddLast
    tevent.o(i.tEventWait) refers to main.o(i.tTimeTaskWait) for tTimeTaskWait
    tevent.o(i.tEventWait) refers to switch.o(i.tTaskExitCritical) for tTaskExitCritical
    tevent.o(i.tEventWaitCount) refers to switch.o(i.tTaskEnterCritical) for tTaskEnterCritical
    tevent.o(i.tEventWaitCount) refers to tlist.o(i.tListCount) for tListCount
    tevent.o(i.tEventWaitCount) refers to switch.o(i.tTaskExitCritical) for tTaskExitCritical
    tevent.o(i.tEventWakeUp) refers to switch.o(i.tTaskEnterCritical) for tTaskEnterCritical
    tevent.o(i.tEventWakeUp) refers to tlist.o(i.tListRemoveFirst) for tListRemoveFirst
    tevent.o(i.tEventWakeUp) refers to main.o(i.tTimeTaskWakeUp) for tTimeTaskWakeUp
    tevent.o(i.tEventWakeUp) refers to main.o(i.tTaskSchedRdy) for tTaskSchedRdy
    tevent.o(i.tEventWakeUp) refers to switch.o(i.tTaskExitCritical) for tTaskExitCritical
    tevent.o(i.tEventWakeUpTask) refers to switch.o(i.tTaskEnterCritical) for tTaskEnterCritical
    tevent.o(i.tEventWakeUpTask) refers to tlist.o(i.tListRemove) for tListRemove
    tevent.o(i.tEventWakeUpTask) refers to main.o(i.tTimeTaskWakeUp) for tTimeTaskWakeUp
    tevent.o(i.tEventWakeUpTask) refers to main.o(i.tTaskSchedRdy) for tTaskSchedRdy
    tevent.o(i.tEventWakeUpTask) refers to switch.o(i.tTaskExitCritical) for tTaskExitCritical
    tsem.o(i.tSemDestroy) refers to switch.o(i.tTaskEnterCritical) for tTaskEnterCritical
    tsem.o(i.tSemDestroy) refers to tevent.o(i.tEventRemoveAll) for tEventRemoveAll
    tsem.o(i.tSemDestroy) refers to switch.o(i.tTaskExitCritical) for tTaskExitCritical
    tsem.o(i.tSemDestroy) refers to main.o(i.tTaskSched) for tTaskSched
    tsem.o(i.tSemGetInfo) refers to switch.o(i.tTaskEnterCritical) for tTaskEnterCritical
    tsem.o(i.tSemGetInfo) refers to tevent.o(i.tEventWaitCount) for tEventWaitCount
    tsem.o(i.tSemGetInfo) refers to switch.o(i.tTaskExitCritical) for tTaskExitCritical
    tsem.o(i.tSemInit) refers to tevent.o(i.tEventInit) for tEventInit
    tsem.o(i.tSemNoWaitGet) refers to switch.o(i.tTaskEnterCritical) for tTaskEnterCritical
    tsem.o(i.tSemNoWaitGet) refers to switch.o(i.tTaskExitCritical) for tTaskExitCritical
    tsem.o(i.tSemNotify) refers to switch.o(i.tTaskEnterCritical) for tTaskEnterCritical
    tsem.o(i.tSemNotify) refers to tevent.o(i.tEventWaitCount) for tEventWaitCount
    tsem.o(i.tSemNotify) refers to tevent.o(i.tEventWakeUp) for tEventWakeUp
    tsem.o(i.tSemNotify) refers to main.o(i.tTaskSched) for tTaskSched
    tsem.o(i.tSemNotify) refers to switch.o(i.tTaskExitCritical) for tTaskExitCritical
    tsem.o(i.tSemNotify) refers to main.o(.data) for currentTask
    tsem.o(i.tSemWait) refers to switch.o(i.tTaskEnterCritical) for tTaskEnterCritical
    tsem.o(i.tSemWait) refers to switch.o(i.tTaskExitCritical) for tTaskExitCritical
    tsem.o(i.tSemWait) refers to tevent.o(i.tEventWait) for tEventWait
    tsem.o(i.tSemWait) refers to main.o(i.tTaskSched) for tTaskSched
    tsem.o(i.tSemWait) refers to main.o(.data) for currentTask
    tmbox.o(i.tMboxDestroy) refers to switch.o(i.tTaskEnterCritical) for tTaskEnterCritical
    tmbox.o(i.tMboxDestroy) refers to tevent.o(i.tEventRemoveAll) for tEventRemoveAll
    tmbox.o(i.tMboxDestroy) refers to switch.o(i.tTaskExitCritical) for tTaskExitCritical
    tmbox.o(i.tMboxDestroy) refers to main.o(i.tTaskSched) for tTaskSched
    tmbox.o(i.tMboxFlush) refers to switch.o(i.tTaskEnterCritical) for tTaskEnterCritical
    tmbox.o(i.tMboxFlush) refers to tevent.o(i.tEventWaitCount) for tEventWaitCount
    tmbox.o(i.tMboxFlush) refers to switch.o(i.tTaskExitCritical) for tTaskExitCritical
    tmbox.o(i.tMboxGetInfo) refers to switch.o(i.tTaskEnterCritical) for tTaskEnterCritical
    tmbox.o(i.tMboxGetInfo) refers to tevent.o(i.tEventWaitCount) for tEventWaitCount
    tmbox.o(i.tMboxGetInfo) refers to switch.o(i.tTaskExitCritical) for tTaskExitCritical
    tmbox.o(i.tMboxInit) refers to tevent.o(i.tEventInit) for tEventInit
    tmbox.o(i.tMboxNoWait) refers to switch.o(i.tTaskEnterCritical) for tTaskEnterCritical
    tmbox.o(i.tMboxNoWait) refers to switch.o(i.tTaskExitCritical) for tTaskExitCritical
    tmbox.o(i.tMboxNotify) refers to switch.o(i.tTaskEnterCritical) for tTaskEnterCritical
    tmbox.o(i.tMboxNotify) refers to tevent.o(i.tEventWaitCount) for tEventWaitCount
    tmbox.o(i.tMboxNotify) refers to tevent.o(i.tEventWakeUp) for tEventWakeUp
    tmbox.o(i.tMboxNotify) refers to main.o(i.tTaskSched) for tTaskSched
    tmbox.o(i.tMboxNotify) refers to switch.o(i.tTaskExitCritical) for tTaskExitCritical
    tmbox.o(i.tMboxNotify) refers to main.o(.data) for currentTask
    tmbox.o(i.tMboxWait) refers to switch.o(i.tTaskEnterCritical) for tTaskEnterCritical
    tmbox.o(i.tMboxWait) refers to switch.o(i.tTaskExitCritical) for tTaskExitCritical
    tmbox.o(i.tMboxWait) refers to tevent.o(i.tEventWait) for tEventWait
    tmbox.o(i.tMboxWait) refers to main.o(i.tTaskSched) for tTaskSched
    tmbox.o(i.tMboxWait) refers to main.o(.data) for currentTask
    tmemblock.o(i.tMemBlockDestroy) refers to switch.o(i.tTaskEnterCritical) for tTaskEnterCritical
    tmemblock.o(i.tMemBlockDestroy) refers to tevent.o(i.tEventRemoveAll) for tEventRemoveAll
    tmemblock.o(i.tMemBlockDestroy) refers to switch.o(i.tTaskExitCritical) for tTaskExitCritical
    tmemblock.o(i.tMemBlockDestroy) refers to main.o(i.tTaskSched) for tTaskSched
    tmemblock.o(i.tMemBlockGetInfo) refers to switch.o(i.tTaskEnterCritical) for tTaskEnterCritical
    tmemblock.o(i.tMemBlockGetInfo) refers to tlist.o(i.tListCount) for tListCount
    tmemblock.o(i.tMemBlockGetInfo) refers to tevent.o(i.tEventWaitCount) for tEventWaitCount
    tmemblock.o(i.tMemBlockGetInfo) refers to switch.o(i.tTaskExitCritical) for tTaskExitCritical
    tmemblock.o(i.tMemBlockInit) refers to tevent.o(i.tEventInit) for tEventInit
    tmemblock.o(i.tMemBlockInit) refers to tlist.o(i.tListInit) for tListInit
    tmemblock.o(i.tMemBlockInit) refers to tlist.o(i.tNodeInit) for tNodeInit
    tmemblock.o(i.tMemBlockInit) refers to tlist.o(i.tListAddLast) for tListAddLast
    tmemblock.o(i.tMemBlockNoWaitGet) refers to switch.o(i.tTaskEnterCritical) for tTaskEnterCritical
    tmemblock.o(i.tMemBlockNoWaitGet) refers to tlist.o(i.tListCount) for tListCount
    tmemblock.o(i.tMemBlockNoWaitGet) refers to tlist.o(i.tListRemoveFirst) for tListRemoveFirst
    tmemblock.o(i.tMemBlockNoWaitGet) refers to switch.o(i.tTaskExitCritical) for tTaskExitCritical
    tmemblock.o(i.tMemBlockNotify) refers to switch.o(i.tTaskEnterCritical) for tTaskEnterCritical
    tmemblock.o(i.tMemBlockNotify) refers to tevent.o(i.tEventWaitCount) for tEventWaitCount
    tmemblock.o(i.tMemBlockNotify) refers to tevent.o(i.tEventWakeUp) for tEventWakeUp
    tmemblock.o(i.tMemBlockNotify) refers to main.o(i.tTaskSched) for tTaskSched
    tmemblock.o(i.tMemBlockNotify) refers to tlist.o(i.tListAddLast) for tListAddLast
    tmemblock.o(i.tMemBlockNotify) refers to switch.o(i.tTaskExitCritical) for tTaskExitCritical
    tmemblock.o(i.tMemBlockNotify) refers to main.o(.data) for currentTask
    tmemblock.o(i.tMemBlockWait) refers to switch.o(i.tTaskEnterCritical) for tTaskEnterCritical
    tmemblock.o(i.tMemBlockWait) refers to tlist.o(i.tListCount) for tListCount
    tmemblock.o(i.tMemBlockWait) refers to tlist.o(i.tListRemoveFirst) for tListRemoveFirst
    tmemblock.o(i.tMemBlockWait) refers to switch.o(i.tTaskExitCritical) for tTaskExitCritical
    tmemblock.o(i.tMemBlockWait) refers to tevent.o(i.tEventWait) for tEventWait
    tmemblock.o(i.tMemBlockWait) refers to main.o(i.tTaskSched) for tTaskSched
    tmemblock.o(i.tMemBlockWait) refers to main.o(.data) for currentTask
    tflaggroup.o(i.tFlagGroupDestroy) refers to switch.o(i.tTaskEnterCritical) for tTaskEnterCritical
    tflaggroup.o(i.tFlagGroupDestroy) refers to tevent.o(i.tEventRemoveAll) for tEventRemoveAll
    tflaggroup.o(i.tFlagGroupDestroy) refers to switch.o(i.tTaskExitCritical) for tTaskExitCritical
    tflaggroup.o(i.tFlagGroupDestroy) refers to main.o(i.tTaskSched) for tTaskSched
    tflaggroup.o(i.tFlagGroupGetInfo) refers to switch.o(i.tTaskEnterCritical) for tTaskEnterCritical
    tflaggroup.o(i.tFlagGroupGetInfo) refers to tevent.o(i.tEventWaitCount) for tEventWaitCount
    tflaggroup.o(i.tFlagGroupGetInfo) refers to switch.o(i.tTaskExitCritical) for tTaskExitCritical
    tflaggroup.o(i.tFlagGroupInit) refers to tevent.o(i.tEventInit) for tEventInit
    tflaggroup.o(i.tFlagGroupNoWaitGet) refers to switch.o(i.tTaskEnterCritical) for tTaskEnterCritical
    tflaggroup.o(i.tFlagGroupNoWaitGet) refers to tflaggroup.o(i.tFlagGroupCheckAndConsume) for tFlagGroupCheckAndConsume
    tflaggroup.o(i.tFlagGroupNoWaitGet) refers to switch.o(i.tTaskExitCritical) for tTaskExitCritical
    tflaggroup.o(i.tFlagGroupNotify) refers to switch.o(i.tTaskEnterCritical) for tTaskEnterCritical
    tflaggroup.o(i.tFlagGroupNotify) refers to tflaggroup.o(i.tFlagGroupCheckAndConsume) for tFlagGroupCheckAndConsume
    tflaggroup.o(i.tFlagGroupNotify) refers to tevent.o(i.tEventWakeUpTask) for tEventWakeUpTask
    tflaggroup.o(i.tFlagGroupNotify) refers to main.o(i.tTaskSched) for tTaskSched
    tflaggroup.o(i.tFlagGroupNotify) refers to switch.o(i.tTaskExitCritical) for tTaskExitCritical
    tflaggroup.o(i.tFlagGroupWait) refers to switch.o(i.tTaskEnterCritical) for tTaskEnterCritical
    tflaggroup.o(i.tFlagGroupWait) refers to tflaggroup.o(i.tFlagGroupCheckAndConsume) for tFlagGroupCheckAndConsume
    tflaggroup.o(i.tFlagGroupWait) refers to tevent.o(i.tEventWait) for tEventWait
    tflaggroup.o(i.tFlagGroupWait) refers to switch.o(i.tTaskExitCritical) for tTaskExitCritical
    tflaggroup.o(i.tFlagGroupWait) refers to main.o(i.tTaskSched) for tTaskSched
    tflaggroup.o(i.tFlagGroupWait) refers to main.o(.data) for currentTask
    tmutex.o(i.tMutexInit) refers to tevent.o(i.tEventInit) for tEventInit
    tmutex.o(i.tMutexNoWaitGet) refers to switch.o(i.tTaskEnterCritical) for tTaskEnterCritical
    tmutex.o(i.tMutexNoWaitGet) refers to switch.o(i.tTaskExitCritical) for tTaskExitCritical
    tmutex.o(i.tMutexNoWaitGet) refers to main.o(.data) for currentTask
    tmutex.o(i.tMutexNotify) refers to switch.o(i.tTaskEnterCritical) for tTaskEnterCritical
    tmutex.o(i.tMutexNotify) refers to switch.o(i.tTaskExitCritical) for tTaskExitCritical
    tmutex.o(i.tMutexNotify) refers to main.o(i.tTaskSchedUnRdy) for tTaskSchedUnRdy
    tmutex.o(i.tMutexNotify) refers to main.o(i.tTaskSchedRdy) for tTaskSchedRdy
    tmutex.o(i.tMutexNotify) refers to tevent.o(i.tEventWaitCount) for tEventWaitCount
    tmutex.o(i.tMutexNotify) refers to tevent.o(i.tEventWakeUp) for tEventWakeUp
    tmutex.o(i.tMutexNotify) refers to main.o(i.tTaskSched) for tTaskSched
    tmutex.o(i.tMutexNotify) refers to main.o(.data) for currentTask
    tmutex.o(i.tMutexWait) refers to switch.o(i.tTaskEnterCritical) for tTaskEnterCritical
    tmutex.o(i.tMutexWait) refers to switch.o(i.tTaskExitCritical) for tTaskExitCritical
    tmutex.o(i.tMutexWait) refers to main.o(i.tTaskSchedUnRdy) for tTaskSchedUnRdy
    tmutex.o(i.tMutexWait) refers to main.o(i.tTaskSchedRdy) for tTaskSchedRdy
    tmutex.o(i.tMutexWait) refers to tevent.o(i.tEventWait) for tEventWait
    tmutex.o(i.tMutexWait) refers to main.o(i.tTaskSched) for tTaskSched
    tmutex.o(i.tMutexWait) refers to main.o(.data) for currentTask
    startup_armcm3.o(STACK) refers (Special) to heapauxi.o(.text) for __use_two_region_memory
    startup_armcm3.o(HEAP) refers (Special) to heapauxi.o(.text) for __use_two_region_memory
    startup_armcm3.o(RESET) refers (Special) to heapauxi.o(.text) for __use_two_region_memory
    startup_armcm3.o(RESET) refers to startup_armcm3.o(STACK) for __initial_sp
    startup_armcm3.o(RESET) refers to startup_armcm3.o(.text) for Reset_Handler
    startup_armcm3.o(RESET) refers to switch.o(.emb_text) for PendSV_Handler
    startup_armcm3.o(RESET) refers to tcpu.o(i.SysTick_Handler) for SysTick_Handler
    startup_armcm3.o(.text) refers (Special) to heapauxi.o(.text) for __use_two_region_memory
    startup_armcm3.o(.text) refers to system_armcm3.o(i.SystemInit) for SystemInit
    startup_armcm3.o(.text) refers to __main.o(!!!main) for __main
    system_armcm3.o(i.SystemCoreClockUpdate) refers to system_armcm3.o(.data) for SystemCoreClock
    system_armcm3.o(i.SystemInit) refers to startup_armcm3.o(RESET) for __Vectors
    system_armcm3.o(i.SystemInit) refers to system_armcm3.o(.data) for SystemCoreClock
    __main.o(!!!main) refers to __rtentry.o(.ARM.Collect$$rtentry$$00000000) for __rt_entry
    __rtentry.o(.ARM.Collect$$rtentry$$00000000) refers (Special) to __rtentry2.o(.ARM.Collect$$rtentry$$0000000A) for __rt_entry_li
    __rtentry.o(.ARM.Collect$$rtentry$$00000000) refers (Special) to __rtentry2.o(.ARM.Collect$$rtentry$$0000000D) for __rt_entry_main
    __rtentry.o(.ARM.Collect$$rtentry$$00000000) refers (Special) to __rtentry2.o(.ARM.Collect$$rtentry$$0000000C) for __rt_entry_postli_1
    __rtentry.o(.ARM.Collect$$rtentry$$00000000) refers (Special) to __rtentry2.o(.ARM.Collect$$rtentry$$00000009) for __rt_entry_postsh_1
    __rtentry.o(.ARM.Collect$$rtentry$$00000000) refers (Special) to __rtentry2.o(.ARM.Collect$$rtentry$$00000002) for __rt_entry_presh_1
    __rtentry.o(.ARM.Collect$$rtentry$$00000000) refers (Special) to __rtentry5.o(.ARM.Collect$$rtentry$$00000005) for __rt_entry_sh
    __rtentry2.o(.ARM.Collect$$rtentry$$00000008) refers to boardinit2.o(.text) for _platform_post_stackheap_init
    __rtentry2.o(.ARM.Collect$$rtentry$$0000000A) refers to libinit.o(.ARM.Collect$$libinit$$00000000) for __rt_lib_init
    __rtentry2.o(.ARM.Collect$$rtentry$$0000000B) refers to boardinit3.o(.text) for _platform_post_lib_init
    __rtentry2.o(.ARM.Collect$$rtentry$$0000000D) refers to main.o(i.main) for main
    __rtentry2.o(.ARM.Collect$$rtentry$$0000000D) refers to exit.o(.text) for exit
    __rtentry2.o(.ARM.exidx) refers to __rtentry2.o(.ARM.Collect$$rtentry$$00000001) for .ARM.Collect$$rtentry$$00000001
    __rtentry2.o(.ARM.exidx) refers to __rtentry2.o(.ARM.Collect$$rtentry$$00000008) for .ARM.Collect$$rtentry$$00000008
    __rtentry2.o(.ARM.exidx) refers to __rtentry2.o(.ARM.Collect$$rtentry$$0000000A) for .ARM.Collect$$rtentry$$0000000A
    __rtentry2.o(.ARM.exidx) refers to __rtentry2.o(.ARM.Collect$$rtentry$$0000000B) for .ARM.Collect$$rtentry$$0000000B
    __rtentry2.o(.ARM.exidx) refers to __rtentry2.o(.ARM.Collect$$rtentry$$0000000D) for .ARM.Collect$$rtentry$$0000000D
    __rtentry4.o(.ARM.Collect$$rtentry$$00000004) refers to sys_stackheap_outer.o(.text) for __user_setup_stackheap
    __rtentry4.o(.ARM.exidx) refers to __rtentry4.o(.ARM.Collect$$rtentry$$00000004) for .ARM.Collect$$rtentry$$00000004
    __rtentry5.o(.ARM.Collect$$rtentry$$00000005) refers to __rtentry5.o(.ARM.Collect$$rtentry$$00002716) for __lit__00000000
    __rtentry5.o(.ARM.Collect$$rtentry$$00002716) refers to startup_armcm3.o(STACK) for __initial_sp
    __rtentry5.o(__vectab_stack_and_reset_sym_area) refers to startup_armcm3.o(STACK) for __initial_sp
    __rtentry5.o(__vectab_stack_and_reset_sym_area) refers to __main.o(!!!main) for __main
    __rtentry5.o(.ARM.exidx) refers to __rtentry5.o(.ARM.Collect$$rtentry$$00000005) for .ARM.Collect$$rtentry$$00000005
    __rtentry5.o(.ARM.exidx) refers to __rtentry5.o(.ARM.Collect$$rtentry$$00002716) for .ARM.Collect$$rtentry$$00002716
    sys_stackheap_outer.o(.text) refers to libspace.o(.text) for __user_perproc_libspace
    sys_stackheap_outer.o(.text) refers to sys_stackheap.o(.text) for __user_initial_stackheap
    exit.o(.text) refers to rtexit.o(.ARM.Collect$$rtexit$$00000000) for __rt_exit
    libinit.o(.ARM.Collect$$libinit$$00000000) refers (Special) to libinit2.o(.ARM.Collect$$libinit$$0000002E) for __rt_lib_init_alloca_1
    libinit.o(.ARM.Collect$$libinit$$00000000) refers (Special) to libinit2.o(.ARM.Collect$$libinit$$0000002C) for __rt_lib_init_argv_1
    libinit.o(.ARM.Collect$$libinit$$00000000) refers (Special) to libinit2.o(.ARM.Collect$$libinit$$0000001B) for __rt_lib_init_atexit_1
    libinit.o(.ARM.Collect$$libinit$$00000000) refers (Special) to libinit2.o(.ARM.Collect$$libinit$$00000021) for __rt_lib_init_clock_1
    libinit.o(.ARM.Collect$$libinit$$00000000) refers (Special) to libinit2.o(.ARM.Collect$$libinit$$00000032) for __rt_lib_init_cpp_1
    libinit.o(.ARM.Collect$$libinit$$00000000) refers (Special) to libinit2.o(.ARM.Collect$$libinit$$00000030) for __rt_lib_init_exceptions_1
    libinit.o(.ARM.Collect$$libinit$$00000000) refers (Special) to libinit2.o(.ARM.Collect$$libinit$$00000002) for __rt_lib_init_fp_1
    libinit.o(.ARM.Collect$$libinit$$00000000) refers (Special) to libinit2.o(.ARM.Collect$$libinit$$0000001F) for __rt_lib_init_fp_trap_1
    libinit.o(.ARM.Collect$$libinit$$00000000) refers (Special) to libinit2.o(.ARM.Collect$$libinit$$00000023) for __rt_lib_init_getenv_1
    libinit.o(.ARM.Collect$$libinit$$00000000) refers (Special) to libinit2.o(.ARM.Collect$$libinit$$0000000A) for __rt_lib_init_heap_1
    libinit.o(.ARM.Collect$$libinit$$00000000) refers (Special) to libinit2.o(.ARM.Collect$$libinit$$00000011) for __rt_lib_init_lc_collate_1
    libinit.o(.ARM.Collect$$libinit$$00000000) refers (Special) to libinit2.o(.ARM.Collect$$libinit$$00000013) for __rt_lib_init_lc_ctype_1
    libinit.o(.ARM.Collect$$libinit$$00000000) refers (Special) to libinit2.o(.ARM.Collect$$libinit$$00000015) for __rt_lib_init_lc_monetary_1
    libinit.o(.ARM.Collect$$libinit$$00000000) refers (Special) to libinit2.o(.ARM.Collect$$libinit$$00000017) for __rt_lib_init_lc_numeric_1
    libinit.o(.ARM.Collect$$libinit$$00000000) refers (Special) to libinit2.o(.ARM.Collect$$libinit$$00000019) for __rt_lib_init_lc_time_1
    libinit.o(.ARM.Collect$$libinit$$00000000) refers (Special) to libinit2.o(.ARM.Collect$$libinit$$00000004) for __rt_lib_init_preinit_1
    libinit.o(.ARM.Collect$$libinit$$00000000) refers (Special) to libinit2.o(.ARM.Collect$$libinit$$0000000E) for __rt_lib_init_rand_1
    libinit.o(.ARM.Collect$$libinit$$00000000) refers (Special) to libinit2.o(.ARM.Collect$$libinit$$00000033) for __rt_lib_init_return
    libinit.o(.ARM.Collect$$libinit$$00000000) refers (Special) to libinit2.o(.ARM.Collect$$libinit$$0000001D) for __rt_lib_init_signal_1
    libinit.o(.ARM.Collect$$libinit$$00000000) refers (Special) to libinit2.o(.ARM.Collect$$libinit$$00000025) for __rt_lib_init_stdio_1
    libinit.o(.ARM.Collect$$libinit$$00000000) refers (Special) to libinit2.o(.ARM.Collect$$libinit$$0000000C) for __rt_lib_init_user_alloc_1
    libspace.o(.text) refers to libspace.o(.bss) for __libspace_start
    sys_stackheap.o(.text) refers (Special) to indicate_semi.o(.text) for __semihosting_library_function
    sys_stackheap.o(.text) refers to use_no_semi.o(.text) for __I$use$semihosting
    rtexit.o(.ARM.Collect$$rtexit$$00000000) refers (Special) to rtexit2.o(.ARM.Collect$$rtexit$$00000004) for __rt_exit_exit
    rtexit.o(.ARM.Collect$$rtexit$$00000000) refers (Special) to rtexit2.o(.ARM.Collect$$rtexit$$00000003) for __rt_exit_ls
    rtexit.o(.ARM.Collect$$rtexit$$00000000) refers (Special) to rtexit2.o(.ARM.Collect$$rtexit$$00000002) for __rt_exit_prels_1
    rtexit.o(.ARM.exidx) refers (Special) to rtexit2.o(.ARM.Collect$$rtexit$$00000004) for __rt_exit_exit
    rtexit.o(.ARM.exidx) refers (Special) to rtexit2.o(.ARM.Collect$$rtexit$$00000003) for __rt_exit_ls
    rtexit.o(.ARM.exidx) refers (Special) to rtexit2.o(.ARM.Collect$$rtexit$$00000002) for __rt_exit_prels_1
    rtexit.o(.ARM.exidx) refers to rtexit.o(.ARM.Collect$$rtexit$$00000000) for .ARM.Collect$$rtexit$$00000000
    libinit2.o(.ARM.Collect$$libinit$$00000010) refers to libinit2.o(.ARM.Collect$$libinit$$0000000F) for .ARM.Collect$$libinit$$0000000F
    libinit2.o(.ARM.Collect$$libinit$$00000012) refers to libinit2.o(.ARM.Collect$$libinit$$0000000F) for .ARM.Collect$$libinit$$0000000F
    libinit2.o(.ARM.Collect$$libinit$$00000014) refers to libinit2.o(.ARM.Collect$$libinit$$0000000F) for .ARM.Collect$$libinit$$0000000F
    libinit2.o(.ARM.Collect$$libinit$$00000016) refers to libinit2.o(.ARM.Collect$$libinit$$0000000F) for .ARM.Collect$$libinit$$0000000F
    libinit2.o(.ARM.Collect$$libinit$$00000018) refers to libinit2.o(.ARM.Collect$$libinit$$0000000F) for .ARM.Collect$$libinit$$0000000F
    libinit2.o(.ARM.Collect$$libinit$$00000026) refers to argv_veneer.o(.emb_text) for __ARM_argv_veneer
    libinit2.o(.ARM.Collect$$libinit$$00000027) refers to argv_veneer.o(.emb_text) for __ARM_argv_veneer
    libinit3.o(.ARM.Collect$$libinit$$00000006) refers to libinit3.o(.ARM.Collect$$libinit$$00002717) for __lit__00000000
    libinit3.o(.ARM.Collect$$libinit$$00002717) refers to startup_armcm3.o(HEAP) for __heap_base
    libinit3.o(.ARM.Collect$$libinit$$00000028) refers to libinit3.o(.ARM.Collect$$libinit$$00002739) for __lit__00000002
    libinit3.o(.ARM.Collect$$libinit$$00000028) refers to argv_veneer.o(.emb_text) for __ARM_argv_veneer
    libinit3.o(.ARM.Collect$$libinit$$00002739) refers to startup_armcm3.o(HEAP) for __heap_base
    rtexit2.o(.ARM.Collect$$rtexit$$00000003) refers to libshutdown.o(.ARM.Collect$$libshutdown$$00000000) for __rt_lib_shutdown
    rtexit2.o(.ARM.Collect$$rtexit$$00000004) refers to sys_exit.o(.text) for _sys_exit
    rtexit2.o(.ARM.exidx) refers to rtexit2.o(.ARM.Collect$$rtexit$$00000001) for .ARM.Collect$$rtexit$$00000001
    rtexit2.o(.ARM.exidx) refers to rtexit2.o(.ARM.Collect$$rtexit$$00000003) for .ARM.Collect$$rtexit$$00000003
    rtexit2.o(.ARM.exidx) refers to rtexit2.o(.ARM.Collect$$rtexit$$00000004) for .ARM.Collect$$rtexit$$00000004
    argv_veneer.o(.emb_text) refers to no_argv.o(.text) for __ARM_get_argv
    sys_exit.o(.text) refers (Special) to use_no_semi.o(.text) for __I$use$semihosting
    sys_exit.o(.text) refers (Special) to indicate_semi.o(.text) for __semihosting_library_function
    _get_argv_nomalloc.o(.text) refers (Special) to hrguard.o(.text) for __heap_region$guard
    _get_argv_nomalloc.o(.text) refers to defsig_rtmem_outer.o(.text) for __rt_SIGRTMEM
    _get_argv_nomalloc.o(.text) refers to sys_command.o(.text) for _sys_command_string
    libshutdown.o(.ARM.Collect$$libshutdown$$00000000) refers (Special) to libshutdown2.o(.ARM.Collect$$libshutdown$$00000002) for __rt_lib_shutdown_cpp_1
    libshutdown.o(.ARM.Collect$$libshutdown$$00000000) refers (Special) to libshutdown2.o(.ARM.Collect$$libshutdown$$00000007) for __rt_lib_shutdown_fp_trap_1
    libshutdown.o(.ARM.Collect$$libshutdown$$00000000) refers (Special) to libshutdown2.o(.ARM.Collect$$libshutdown$$0000000F) for __rt_lib_shutdown_heap_1
    libshutdown.o(.ARM.Collect$$libshutdown$$00000000) refers (Special) to libshutdown2.o(.ARM.Collect$$libshutdown$$00000010) for __rt_lib_shutdown_return
    libshutdown.o(.ARM.Collect$$libshutdown$$00000000) refers (Special) to libshutdown2.o(.ARM.Collect$$libshutdown$$0000000A) for __rt_lib_shutdown_signal_1
    libshutdown.o(.ARM.Collect$$libshutdown$$00000000) refers (Special) to libshutdown2.o(.ARM.Collect$$libshutdown$$00000004) for __rt_lib_shutdown_stdio_1
    libshutdown.o(.ARM.Collect$$libshutdown$$00000000) refers (Special) to libshutdown2.o(.ARM.Collect$$libshutdown$$0000000C) for __rt_lib_shutdown_user_alloc_1
    sys_command.o(.text) refers (Special) to use_no_semi.o(.text) for __I$use$semihosting
    sys_command.o(.text) refers (Special) to indicate_semi.o(.text) for __semihosting_library_function
    defsig_rtmem_outer.o(.text) refers to defsig_rtmem_inner.o(.text) for __rt_SIGRTMEM_inner
    defsig_rtmem_outer.o(.text) refers to defsig_exit.o(.text) for __sig_exit
    defsig_rtmem_formal.o(.text) refers to rt_raise.o(.text) for __rt_raise
    rt_raise.o(.text) refers to __raise.o(.text) for __raise
    rt_raise.o(.text) refers to sys_exit.o(.text) for _sys_exit
    defsig_exit.o(.text) refers to sys_exit.o(.text) for _sys_exit
    defsig_rtmem_inner.o(.text) refers to defsig_general.o(.text) for __default_signal_display
    __raise.o(.text) refers to defsig.o(CL$$defsig) for __default_signal_handler
    defsig_general.o(.text) refers to sys_wrch.o(.text) for _ttywrch
    sys_wrch.o(.text) refers (Special) to use_no_semi.o(.text) for __I$use$semihosting
    sys_wrch.o(.text) refers (Special) to indicate_semi.o(.text) for __semihosting_library_function
    defsig.o(CL$$defsig) refers to defsig_rtmem_inner.o(.text) for __rt_SIGRTMEM_inner
    defsig_abrt_inner.o(.text) refers to defsig_general.o(.text) for __default_signal_display
    defsig_fpe_inner.o(.text) refers to defsig_general.o(.text) for __default_signal_display
    defsig_rtred_inner.o(.text) refers to defsig_general.o(.text) for __default_signal_display
    defsig_stak_inner.o(.text) refers to defsig_general.o(.text) for __default_signal_display
    defsig_pvfn_inner.o(.text) refers to defsig_general.o(.text) for __default_signal_display
    defsig_cppl_inner.o(.text) refers to defsig_general.o(.text) for __default_signal_display
    defsig_segv_inner.o(.text) refers to defsig_general.o(.text) for __default_signal_display
    defsig_other.o(.text) refers to defsig_general.o(.text) for __default_signal_display


==============================================================================

Removing Unused input sections from the image.

    Removing main.o(.rev16_text), (4 bytes).
    Removing main.o(.revsh_text), (4 bytes).
    Removing main.o(.rrx_text), (6 bytes).
    Removing main.o(i.tTaskSchedDisable), (40 bytes).
    Removing main.o(i.tTaskSchedEnable), (48 bytes).
    Removing main.o(i.tTaskSchedRemove), (60 bytes).
    Removing main.o(i.tTimeTaskRemove), (20 bytes).
    Removing switch.o(.rev16_text), (4 bytes).
    Removing switch.o(.revsh_text), (4 bytes).
    Removing switch.o(.rrx_text), (6 bytes).
    Removing tlist.o(i.tListInsertAfter), (20 bytes).
    Removing tlist.o(i.tListLast), (12 bytes).
    Removing tlist.o(i.tListNext), (16 bytes).
    Removing tlist.o(i.tListPre), (16 bytes).
    Removing tlist.o(i.tListRemoveAll), (34 bytes).
    Removing ttask.o(i.tTaskDeleteSelf), (56 bytes).
    Removing ttask.o(i.tTaskForceDelete), (76 bytes).
    Removing ttask.o(i.tTaskGetInfo), (40 bytes).
    Removing ttask.o(i.tTaskIsRequestDeleted), (32 bytes).
    Removing ttask.o(i.tTaskRequestDelete), (24 bytes).
    Removing ttask.o(i.tTaskSetCleanCallFunc), (6 bytes).
    Removing ttask.o(i.tTaskSuspend), (68 bytes).
    Removing ttask.o(i.tTaskWakeUp), (52 bytes).
    Removing tcpu.o(.rev16_text), (4 bytes).
    Removing tcpu.o(.revsh_text), (4 bytes).
    Removing tcpu.o(.rrx_text), (6 bytes).
    Removing tevent.o(i.tEventRemoveAll), (90 bytes).
    Removing tevent.o(i.tEventWakeUpTask), (70 bytes).
    Removing tsem.o(i.tSemDestroy), (42 bytes).
    Removing tsem.o(i.tSemGetInfo), (36 bytes).
    Removing tsem.o(i.tSemInit), (38 bytes).
    Removing tsem.o(i.tSemNoWaitGet), (40 bytes).
    Removing tsem.o(i.tSemNotify), (84 bytes).
    Removing tsem.o(i.tSemWait), (72 bytes).
    Removing tmbox.o(i.tMboxDestroy), (38 bytes).
    Removing tmbox.o(i.tMboxFlush), (34 bytes).
    Removing tmbox.o(i.tMboxGetInfo), (36 bytes).
    Removing tmbox.o(i.tMboxInit), (30 bytes).
    Removing tmbox.o(i.tMboxNoWait), (68 bytes).
    Removing tmbox.o(i.tMboxNotify), (152 bytes).
    Removing tmbox.o(i.tMboxWait), (108 bytes).
    Removing tmemblock.o(i.tMemBlockDestroy), (38 bytes).
    Removing tmemblock.o(i.tMemBlockGetInfo), (46 bytes).
    Removing tmemblock.o(i.tMemBlockInit), (78 bytes).
    Removing tmemblock.o(i.tMemBlockNoWaitGet), (52 bytes).
    Removing tmemblock.o(i.tMemBlockNotify), (76 bytes).
    Removing tmemblock.o(i.tMemBlockWait), (92 bytes).
    Removing tflaggroup.o(i.tFlagGroupCheckAndConsume), (86 bytes).
    Removing tflaggroup.o(i.tFlagGroupDestroy), (38 bytes).
    Removing tflaggroup.o(i.tFlagGroupGetInfo), (32 bytes).
    Removing tflaggroup.o(i.tFlagGroupInit), (18 bytes).
    Removing tflaggroup.o(i.tFlagGroupNoWaitGet), (48 bytes).
    Removing tflaggroup.o(i.tFlagGroupNotify), (122 bytes).
    Removing tflaggroup.o(i.tFlagGroupWait), (116 bytes).
    Removing tmutex.o(i.tMutexNoWaitGet), (84 bytes).
    Removing startup_armcm3.o(HEAP), (3072 bytes).
    Removing system_armcm3.o(.rev16_text), (4 bytes).
    Removing system_armcm3.o(.revsh_text), (4 bytes).
    Removing system_armcm3.o(.rrx_text), (6 bytes).
    Removing system_armcm3.o(i.SystemCoreClockUpdate), (16 bytes).

60 unused section(s) (total 5628 bytes) removed from the image.

==============================================================================

Image Symbol Table

    Local Symbols

    Symbol Name                              Value     Ov Type        Size  Object(Section)

    RESET                                    0x00000000   Section      960  startup_armcm3.o(RESET)
    ../clib/angel/boardlib.s                 0x00000000   Number         0  boardinit3.o ABSOLUTE
    ../clib/angel/boardlib.s                 0x00000000   Number         0  boardshut.o ABSOLUTE
    ../clib/angel/boardlib.s                 0x00000000   Number         0  boardinit2.o ABSOLUTE
    ../clib/angel/boardlib.s                 0x00000000   Number         0  boardinit1.o ABSOLUTE
    ../clib/angel/handlers.s                 0x00000000   Number         0  __scatter_zi.o ABSOLUTE
    ../clib/angel/handlers.s                 0x00000000   Number         0  __scatter_copy.o ABSOLUTE
    ../clib/angel/kernel.s                   0x00000000   Number         0  rtexit.o ABSOLUTE
    ../clib/angel/kernel.s                   0x00000000   Number         0  __rtentry.o ABSOLUTE
    ../clib/angel/kernel.s                   0x00000000   Number         0  __rtentry2.o ABSOLUTE
    ../clib/angel/kernel.s                   0x00000000   Number         0  rtexit2.o ABSOLUTE
    ../clib/angel/kernel.s                   0x00000000   Number         0  __rtentry5.o ABSOLUTE
    ../clib/angel/kernel.s                   0x00000000   Number         0  __rtentry4.o ABSOLUTE
    ../clib/angel/rt.s                       0x00000000   Number         0  rt_raise.o ABSOLUTE
    ../clib/angel/scatter.s                  0x00000000   Number         0  __scatter.o ABSOLUTE
    ../clib/angel/startup.s                  0x00000000   Number         0  __main.o ABSOLUTE
    ../clib/angel/sys.s                      0x00000000   Number         0  sys_stackheap_outer.o ABSOLUTE
    ../clib/angel/sys.s                      0x00000000   Number         0  use_no_semi.o ABSOLUTE
    ../clib/angel/sys.s                      0x00000000   Number         0  indicate_semi.o ABSOLUTE
    ../clib/angel/sys.s                      0x00000000   Number         0  sys_stackheap.o ABSOLUTE
    ../clib/angel/sys.s                      0x00000000   Number         0  libspace.o ABSOLUTE
    ../clib/angel/sysapp.c                   0x00000000   Number         0  sys_command.o ABSOLUTE
    ../clib/angel/sysapp.c                   0x00000000   Number         0  sys_exit.o ABSOLUTE
    ../clib/angel/sysapp.c                   0x00000000   Number         0  sys_wrch.o ABSOLUTE
    ../clib/armsys.c                         0x00000000   Number         0  argv_veneer.o ABSOLUTE
    ../clib/armsys.c                         0x00000000   Number         0  no_argv.o ABSOLUTE
    ../clib/armsys.c                         0x00000000   Number         0  _get_argv_nomalloc.o ABSOLUTE
    ../clib/armsys.c                         0x00000000   Number         0  argv_veneer.o ABSOLUTE
    ../clib/heapalloc.c                      0x00000000   Number         0  hrguard.o ABSOLUTE
    ../clib/heapaux.c                        0x00000000   Number         0  heapauxi.o ABSOLUTE
    ../clib/libinit.s                        0x00000000   Number         0  libinit2.o ABSOLUTE
    ../clib/libinit.s                        0x00000000   Number         0  libshutdown.o ABSOLUTE
    ../clib/libinit.s                        0x00000000   Number         0  libinit3.o ABSOLUTE
    ../clib/libinit.s                        0x00000000   Number         0  libshutdown2.o ABSOLUTE
    ../clib/libinit.s                        0x00000000   Number         0  libinit.o ABSOLUTE
    ../clib/signal.c                         0x00000000   Number         0  defsig_abrt_inner.o ABSOLUTE
    ../clib/signal.c                         0x00000000   Number         0  defsig_general.o ABSOLUTE
    ../clib/signal.c                         0x00000000   Number         0  __raise.o ABSOLUTE
    ../clib/signal.c                         0x00000000   Number         0  defsig_exit.o ABSOLUTE
    ../clib/signal.c                         0x00000000   Number         0  defsig_rtmem_formal.o ABSOLUTE
    ../clib/signal.c                         0x00000000   Number         0  defsig_rtmem_outer.o ABSOLUTE
    ../clib/signal.c                         0x00000000   Number         0  defsig_rtmem_inner.o ABSOLUTE
    ../clib/signal.c                         0x00000000   Number         0  defsig_pvfn_inner.o ABSOLUTE
    ../clib/signal.c                         0x00000000   Number         0  defsig_other.o ABSOLUTE
    ../clib/signal.c                         0x00000000   Number         0  defsig_segv_inner.o ABSOLUTE
    ../clib/signal.c                         0x00000000   Number         0  defsig_cppl_inner.o ABSOLUTE
    ../clib/signal.c                         0x00000000   Number         0  defsig_stak_inner.o ABSOLUTE
    ../clib/signal.c                         0x00000000   Number         0  defsig_rtred_inner.o ABSOLUTE
    ../clib/signal.c                         0x00000000   Number         0  defsig_fpe_inner.o ABSOLUTE
    ../clib/signal.s                         0x00000000   Number         0  defsig.o ABSOLUTE
    ../clib/stdlib.c                         0x00000000   Number         0  exit.o ABSOLUTE
    ../fplib/fpinit.s                        0x00000000   Number         0  fpinit.o ABSOLUTE
    RTE\Device\ARMCM3\startup_ARMCM3.s       0x00000000   Number         0  startup_armcm3.o ABSOLUTE
    RTE\Device\ARMCM3\system_ARMCM3.c        0x00000000   Number         0  system_armcm3.o ABSOLUTE
    RTE\\Device\\ARMCM3\\system_ARMCM3.c     0x00000000   Number         0  system_armcm3.o ABSOLUTE
    Source\\main.c                           0x00000000   Number         0  main.o ABSOLUTE
    Source\\switch.c                         0x00000000   Number         0  switch.o ABSOLUTE
    Source\\tCPU.c                           0x00000000   Number         0  tcpu.o ABSOLUTE
    Source\app.c                             0x00000000   Number         0  app.o ABSOLUTE
    Source\main.c                            0x00000000   Number         0  main.o ABSOLUTE
    Source\switch.c                          0x00000000   Number         0  switch.o ABSOLUTE
    Source\tBitmap.c                         0x00000000   Number         0  tbitmap.o ABSOLUTE
    Source\tCPU.c                            0x00000000   Number         0  tcpu.o ABSOLUTE
    Source\tEvent.c                          0x00000000   Number         0  tevent.o ABSOLUTE
    Source\tFlagGroup.c                      0x00000000   Number         0  tflaggroup.o ABSOLUTE
    Source\tList.c                           0x00000000   Number         0  tlist.o ABSOLUTE
    Source\tMbox.c                           0x00000000   Number         0  tmbox.o ABSOLUTE
    Source\tMemBlock.c                       0x00000000   Number         0  tmemblock.o ABSOLUTE
    Source\tMutex.c                          0x00000000   Number         0  tmutex.o ABSOLUTE
    Source\tSem.c                            0x00000000   Number         0  tsem.o ABSOLUTE
    Source\tTask.c                           0x00000000   Number         0  ttask.o ABSOLUTE
    Source\tTime.c                           0x00000000   Number         0  ttime.o ABSOLUTE
    dc.s                                     0x00000000   Number         0  dc.o ABSOLUTE
    !!!main                                  0x000003c0   Section        8  __main.o(!!!main)
    !!!scatter                               0x000003c8   Section       52  __scatter.o(!!!scatter)
    !!handler_copy                           0x000003fc   Section       26  __scatter_copy.o(!!handler_copy)
    !!handler_zi                             0x00000418   Section       28  __scatter_zi.o(!!handler_zi)
    .ARM.Collect$$libinit$$00000000          0x00000434   Section        2  libinit.o(.ARM.Collect$$libinit$$00000000)
    .ARM.Collect$$libinit$$00000002          0x00000436   Section        0  libinit2.o(.ARM.Collect$$libinit$$00000002)
    .ARM.Collect$$libinit$$00000004          0x00000436   Section        0  libinit2.o(.ARM.Collect$$libinit$$00000004)
    .ARM.Collect$$libinit$$0000000A          0x00000436   Section        0  libinit2.o(.ARM.Collect$$libinit$$0000000A)
    .ARM.Collect$$libinit$$0000000C          0x00000436   Section        0  libinit2.o(.ARM.Collect$$libinit$$0000000C)
    .ARM.Collect$$libinit$$0000000E          0x00000436   Section        0  libinit2.o(.ARM.Collect$$libinit$$0000000E)
    .ARM.Collect$$libinit$$00000011          0x00000436   Section        0  libinit2.o(.ARM.Collect$$libinit$$00000011)
    .ARM.Collect$$libinit$$00000013          0x00000436   Section        0  libinit2.o(.ARM.Collect$$libinit$$00000013)
    .ARM.Collect$$libinit$$00000015          0x00000436   Section        0  libinit2.o(.ARM.Collect$$libinit$$00000015)
    .ARM.Collect$$libinit$$00000017          0x00000436   Section        0  libinit2.o(.ARM.Collect$$libinit$$00000017)
    .ARM.Collect$$libinit$$00000019          0x00000436   Section        0  libinit2.o(.ARM.Collect$$libinit$$00000019)
    .ARM.Collect$$libinit$$0000001B          0x00000436   Section        0  libinit2.o(.ARM.Collect$$libinit$$0000001B)
    .ARM.Collect$$libinit$$0000001D          0x00000436   Section        0  libinit2.o(.ARM.Collect$$libinit$$0000001D)
    .ARM.Collect$$libinit$$0000001F          0x00000436   Section        0  libinit2.o(.ARM.Collect$$libinit$$0000001F)
    .ARM.Collect$$libinit$$00000021          0x00000436   Section        0  libinit2.o(.ARM.Collect$$libinit$$00000021)
    .ARM.Collect$$libinit$$00000023          0x00000436   Section        0  libinit2.o(.ARM.Collect$$libinit$$00000023)
    .ARM.Collect$$libinit$$00000025          0x00000436   Section        0  libinit2.o(.ARM.Collect$$libinit$$00000025)
    .ARM.Collect$$libinit$$0000002C          0x00000436   Section        0  libinit2.o(.ARM.Collect$$libinit$$0000002C)
    .ARM.Collect$$libinit$$0000002E          0x00000436   Section        0  libinit2.o(.ARM.Collect$$libinit$$0000002E)
    .ARM.Collect$$libinit$$00000030          0x00000436   Section        0  libinit2.o(.ARM.Collect$$libinit$$00000030)
    .ARM.Collect$$libinit$$00000032          0x00000436   Section        0  libinit2.o(.ARM.Collect$$libinit$$00000032)
    .ARM.Collect$$libinit$$00000033          0x00000436   Section        2  libinit2.o(.ARM.Collect$$libinit$$00000033)
    .ARM.Collect$$libshutdown$$00000000      0x00000438   Section        2  libshutdown.o(.ARM.Collect$$libshutdown$$00000000)
    .ARM.Collect$$libshutdown$$00000002      0x0000043a   Section        0  libshutdown2.o(.ARM.Collect$$libshutdown$$00000002)
    .ARM.Collect$$libshutdown$$00000004      0x0000043a   Section        0  libshutdown2.o(.ARM.Collect$$libshutdown$$00000004)
    .ARM.Collect$$libshutdown$$00000007      0x0000043a   Section        0  libshutdown2.o(.ARM.Collect$$libshutdown$$00000007)
    .ARM.Collect$$libshutdown$$0000000A      0x0000043a   Section        0  libshutdown2.o(.ARM.Collect$$libshutdown$$0000000A)
    .ARM.Collect$$libshutdown$$0000000C      0x0000043a   Section        0  libshutdown2.o(.ARM.Collect$$libshutdown$$0000000C)
    .ARM.Collect$$libshutdown$$0000000F      0x0000043a   Section        0  libshutdown2.o(.ARM.Collect$$libshutdown$$0000000F)
    .ARM.Collect$$libshutdown$$00000010      0x0000043a   Section        2  libshutdown2.o(.ARM.Collect$$libshutdown$$00000010)
    .ARM.Collect$$rtentry$$00000000          0x0000043c   Section        0  __rtentry.o(.ARM.Collect$$rtentry$$00000000)
    .ARM.Collect$$rtentry$$00000002          0x0000043c   Section        0  __rtentry2.o(.ARM.Collect$$rtentry$$00000002)
    .ARM.Collect$$rtentry$$00000005          0x0000043c   Section        4  __rtentry5.o(.ARM.Collect$$rtentry$$00000005)
    .ARM.Collect$$rtentry$$00000009          0x00000440   Section        0  __rtentry2.o(.ARM.Collect$$rtentry$$00000009)
    .ARM.Collect$$rtentry$$0000000A          0x00000440   Section        4  __rtentry2.o(.ARM.Collect$$rtentry$$0000000A)
    .ARM.Collect$$rtentry$$0000000C          0x00000444   Section        0  __rtentry2.o(.ARM.Collect$$rtentry$$0000000C)
    .ARM.Collect$$rtentry$$0000000D          0x00000444   Section        8  __rtentry2.o(.ARM.Collect$$rtentry$$0000000D)
    .ARM.Collect$$rtentry$$00002716          0x0000044c   Section        4  __rtentry5.o(.ARM.Collect$$rtentry$$00002716)
    __lit__00000000                          0x0000044c   Data           4  __rtentry5.o(.ARM.Collect$$rtentry$$00002716)
    .ARM.Collect$$rtexit$$00000000           0x00000450   Section        2  rtexit.o(.ARM.Collect$$rtexit$$00000000)
    .ARM.Collect$$rtexit$$00000002           0x00000452   Section        0  rtexit2.o(.ARM.Collect$$rtexit$$00000002)
    .ARM.Collect$$rtexit$$00000003           0x00000452   Section        4  rtexit2.o(.ARM.Collect$$rtexit$$00000003)
    .ARM.Collect$$rtexit$$00000004           0x00000456   Section        6  rtexit2.o(.ARM.Collect$$rtexit$$00000004)
    .emb_text                                0x0000045c   Section       48  switch.o(.emb_text)
    .text                                    0x0000048c   Section       56  startup_armcm3.o(.text)
    .text                                    0x000004c4   Section        0  heapauxi.o(.text)
    .text                                    0x000004ca   Section        0  exit.o(.text)
    .text                                    0x000004dc   Section        2  use_no_semi.o(.text)
    .text                                    0x000004de   Section        0  indicate_semi.o(.text)
    .text                                    0x000004e0   Section        0  sys_exit.o(.text)
    i.SysTick_Handler                        0x000004ec   Section        0  tcpu.o(i.SysTick_Handler)
    i.SystemInit                             0x000004f4   Section        0  system_armcm3.o(i.SystemInit)
    i.idleTaskEntry                          0x00000514   Section        0  main.o(i.idleTaskEntry)
    i.main                                   0x00000518   Section        0  main.o(i.main)
    i.tBitmapClear                           0x00000560   Section        0  tbitmap.o(i.tBitmapClear)
    i.tBitmapGetFirstSet                     0x0000056c   Section        0  tbitmap.o(i.tBitmapGetFirstSet)
    i.tBitmapInit                            0x000005c8   Section        0  tbitmap.o(i.tBitmapInit)
    i.tBitmapPosCount                        0x000005ce   Section        0  tbitmap.o(i.tBitmapPosCount)
    i.tBitmapSet                             0x000005d2   Section        0  tbitmap.o(i.tBitmapSet)
    i.tEventInit                             0x000005de   Section        0  tevent.o(i.tEventInit)
    i.tEventRemoveTask                       0x000005f0   Section        0  tevent.o(i.tEventRemoveTask)
    i.tEventWait                             0x00000624   Section        0  tevent.o(i.tEventWait)
    i.tEventWaitCount                        0x00000670   Section        0  tevent.o(i.tEventWaitCount)
    i.tEventWakeUp                           0x0000068e   Section        0  tevent.o(i.tEventWakeUp)
    i.tInitApp                               0x000006dc   Section        0  app.o(i.tInitApp)
    i.tListAddFirst                          0x00000758   Section        0  tlist.o(i.tListAddFirst)
    i.tListAddLast                           0x00000770   Section        0  tlist.o(i.tListAddLast)
    i.tListCount                             0x00000784   Section        0  tlist.o(i.tListCount)
    i.tListFirst                             0x0000078a   Section        0  tlist.o(i.tListFirst)
    i.tListInit                              0x00000796   Section        0  tlist.o(i.tListInit)
    i.tListRemove                            0x000007a0   Section        0  tlist.o(i.tListRemove)
    i.tListRemoveFirst                       0x000007b4   Section        0  tlist.o(i.tListRemoveFirst)
    i.tMutexInit                             0x000007ce   Section        0  tmutex.o(i.tMutexInit)
    i.tMutexNotify                           0x000007e8   Section        0  tmutex.o(i.tMutexNotify)
    i.tMutexWait                             0x00000894   Section        0  tmutex.o(i.tMutexWait)
    i.tNodeInit                              0x00000938   Section        0  tlist.o(i.tNodeInit)
    i.tSetSysTickPeriod                      0x00000940   Section        0  tcpu.o(i.tSetSysTickPeriod)
    i.tTaskDelay                             0x00000998   Section        0  ttime.o(i.tTaskDelay)
    i.tTaskDelayedInit                       0x000009c4   Section        0  main.o(i.tTaskDelayedInit)
    i.tTaskEnterCritical                     0x000009d4   Section        0  switch.o(i.tTaskEnterCritical)
    i.tTaskExitCritical                      0x000009e0   Section        0  switch.o(i.tTaskExitCritical)
    i.tTaskHighestReady                      0x000009ec   Section        0  main.o(i.tTaskHighestReady)
    i.tTaskInit                              0x00000a14   Section        0  ttask.o(i.tTaskInit)
    i.tTaskRunFirst                          0x00000ad4   Section        0  switch.o(i.tTaskRunFirst)
    i.tTaskSched                             0x00000af0   Section        0  main.o(i.tTaskSched)
    i.tTaskSchedInit                         0x00000b34   Section        0  main.o(i.tTaskSchedInit)
    i.tTaskSchedRdy                          0x00000b68   Section        0  main.o(i.tTaskSchedRdy)
    i.tTaskSchedUnRdy                        0x00000b90   Section        0  main.o(i.tTaskSchedUnRdy)
    i.tTaskSwitch                            0x00000bcc   Section        0  switch.o(i.tTaskSwitch)
    i.tTaskSystemTickHandler                 0x00000bdc   Section        0  main.o(i.tTaskSystemTickHandler)
    i.tTimeTaskWait                          0x00000c8c   Section        0  main.o(i.tTimeTaskWait)
    i.tTimeTaskWakeUp                        0x00000cac   Section        0  main.o(i.tTimeTaskWakeUp)
    i.task1Entry                             0x00000cc8   Section        0  app.o(i.task1Entry)
    i.task2Entry                             0x00000d14   Section        0  app.o(i.task2Entry)
    i.task3Entry                             0x00000d54   Section        0  app.o(i.task3Entry)
    i.task4Entry                             0x00000d74   Section        0  app.o(i.task4Entry)
    .constdata                               0x00000d94   Section      256  tbitmap.o(.constdata)
    quickFindTable                           0x00000d94   Data         256  tbitmap.o(.constdata)
    .data                                    0x20000000   Section       17  main.o(.data)
    .data                                    0x20000014   Section       16  app.o(.data)
    .data                                    0x20000024   Section        4  system_armcm3.o(.data)
    .bss                                     0x20000028   Section     4564  main.o(.bss)
    .bss                                     0x200011fc   Section    16700  app.o(.bss)
    STACK                                    0x20005338   Section     1024  startup_armcm3.o(STACK)

    Global Symbols

    Symbol Name                              Value     Ov Type        Size  Object(Section)

    BuildAttributes$$THM_ISAv4$P$D$K$B$S$PE$A:L22UL41UL21$X:L11$S22US41US21$IEEE1$IW$USESV6$~STKCKD$USESV7$~SHL$OSPACE$ROPI$EBA8$UX$STANDARDLIB$REQ8$PRES8$EABIv2 0x00000000   Number         0  anon$$obj.o ABSOLUTE
    __ARM_use_no_argv                        0x00000000   Number         0  main.o ABSOLUTE
    __Vectors                                0x00000000   Data           4  startup_armcm3.o(RESET)
    Image$$ZI$$Limit                          - Undefined Weak Reference
    __ARM_exceptions_init                     - Undefined Weak Reference
    __alloca_initialize                       - Undefined Weak Reference
    __arm_preinit_                            - Undefined Weak Reference
    __cpp_initialize__aeabi_                  - Undefined Weak Reference
    __cxa_finalize                            - Undefined Weak Reference
    __rt_locale                               - Undefined Weak Reference
    __sigvec_lookup                           - Undefined Weak Reference
    _atexit_init                              - Undefined Weak Reference
    _call_atexit_fns                          - Undefined Weak Reference
    _clock_init                               - Undefined Weak Reference
    _fp_trap_init                             - Undefined Weak Reference
    _fp_trap_shutdown                         - Undefined Weak Reference
    _get_lc_collate                           - Undefined Weak Reference
    _get_lc_ctype                             - Undefined Weak Reference
    _get_lc_monetary                          - Undefined Weak Reference
    _get_lc_numeric                           - Undefined Weak Reference
    _get_lc_time                              - Undefined Weak Reference
    _getenv_init                              - Undefined Weak Reference
    _handle_redirection                       - Undefined Weak Reference
    _init_alloc                               - Undefined Weak Reference
    _init_user_alloc                          - Undefined Weak Reference
    _initio                                   - Undefined Weak Reference
    _rand_init                                - Undefined Weak Reference
    _signal_finish                            - Undefined Weak Reference
    _signal_init                              - Undefined Weak Reference
    _terminate_alloc                          - Undefined Weak Reference
    _terminate_user_alloc                     - Undefined Weak Reference
    _terminateio                              - Undefined Weak Reference
    __Vectors_End                            0x000003c0   Data           0  startup_armcm3.o(RESET)
    __Vectors_Size                           0x000003c0   Number         0  startup_armcm3.o ABSOLUTE
    __main                                   0x000003c1   Thumb Code     8  __main.o(!!!main)
    __scatterload                            0x000003c9   Thumb Code     0  __scatter.o(!!!scatter)
    __scatterload_rt2                        0x000003c9   Thumb Code    44  __scatter.o(!!!scatter)
    __scatterload_rt2_thumb_only             0x000003c9   Thumb Code     0  __scatter.o(!!!scatter)
    __scatterload_null                       0x000003d7   Thumb Code     0  __scatter.o(!!!scatter)
    __scatterload_copy                       0x000003fd   Thumb Code    26  __scatter_copy.o(!!handler_copy)
    __scatterload_zeroinit                   0x00000419   Thumb Code    28  __scatter_zi.o(!!handler_zi)
    __rt_lib_init                            0x00000435   Thumb Code     0  libinit.o(.ARM.Collect$$libinit$$00000000)
    __rt_lib_init_alloca_1                   0x00000437   Thumb Code     0  libinit2.o(.ARM.Collect$$libinit$$0000002E)
    __rt_lib_init_argv_1                     0x00000437   Thumb Code     0  libinit2.o(.ARM.Collect$$libinit$$0000002C)
    __rt_lib_init_atexit_1                   0x00000437   Thumb Code     0  libinit2.o(.ARM.Collect$$libinit$$0000001B)
    __rt_lib_init_clock_1                    0x00000437   Thumb Code     0  libinit2.o(.ARM.Collect$$libinit$$00000021)
    __rt_lib_init_cpp_1                      0x00000437   Thumb Code     0  libinit2.o(.ARM.Collect$$libinit$$00000032)
    __rt_lib_init_exceptions_1               0x00000437   Thumb Code     0  libinit2.o(.ARM.Collect$$libinit$$00000030)
    __rt_lib_init_fp_1                       0x00000437   Thumb Code     0  libinit2.o(.ARM.Collect$$libinit$$00000002)
    __rt_lib_init_fp_trap_1                  0x00000437   Thumb Code     0  libinit2.o(.ARM.Collect$$libinit$$0000001F)
    __rt_lib_init_getenv_1                   0x00000437   Thumb Code     0  libinit2.o(.ARM.Collect$$libinit$$00000023)
    __rt_lib_init_heap_1                     0x00000437   Thumb Code     0  libinit2.o(.ARM.Collect$$libinit$$0000000A)
    __rt_lib_init_lc_collate_1               0x00000437   Thumb Code     0  libinit2.o(.ARM.Collect$$libinit$$00000011)
    __rt_lib_init_lc_ctype_1                 0x00000437   Thumb Code     0  libinit2.o(.ARM.Collect$$libinit$$00000013)
    __rt_lib_init_lc_monetary_1              0x00000437   Thumb Code     0  libinit2.o(.ARM.Collect$$libinit$$00000015)
    __rt_lib_init_lc_numeric_1               0x00000437   Thumb Code     0  libinit2.o(.ARM.Collect$$libinit$$00000017)
    __rt_lib_init_lc_time_1                  0x00000437   Thumb Code     0  libinit2.o(.ARM.Collect$$libinit$$00000019)
    __rt_lib_init_preinit_1                  0x00000437   Thumb Code     0  libinit2.o(.ARM.Collect$$libinit$$00000004)
    __rt_lib_init_rand_1                     0x00000437   Thumb Code     0  libinit2.o(.ARM.Collect$$libinit$$0000000E)
    __rt_lib_init_return                     0x00000437   Thumb Code     0  libinit2.o(.ARM.Collect$$libinit$$00000033)
    __rt_lib_init_signal_1                   0x00000437   Thumb Code     0  libinit2.o(.ARM.Collect$$libinit$$0000001D)
    __rt_lib_init_stdio_1                    0x00000437   Thumb Code     0  libinit2.o(.ARM.Collect$$libinit$$00000025)
    __rt_lib_init_user_alloc_1               0x00000437   Thumb Code     0  libinit2.o(.ARM.Collect$$libinit$$0000000C)
    __rt_lib_shutdown                        0x00000439   Thumb Code     0  libshutdown.o(.ARM.Collect$$libshutdown$$00000000)
    __rt_lib_shutdown_cpp_1                  0x0000043b   Thumb Code     0  libshutdown2.o(.ARM.Collect$$libshutdown$$00000002)
    __rt_lib_shutdown_fp_trap_1              0x0000043b   Thumb Code     0  libshutdown2.o(.ARM.Collect$$libshutdown$$00000007)
    __rt_lib_shutdown_heap_1                 0x0000043b   Thumb Code     0  libshutdown2.o(.ARM.Collect$$libshutdown$$0000000F)
    __rt_lib_shutdown_return                 0x0000043b   Thumb Code     0  libshutdown2.o(.ARM.Collect$$libshutdown$$00000010)
    __rt_lib_shutdown_signal_1               0x0000043b   Thumb Code     0  libshutdown2.o(.ARM.Collect$$libshutdown$$0000000A)
    __rt_lib_shutdown_stdio_1                0x0000043b   Thumb Code     0  libshutdown2.o(.ARM.Collect$$libshutdown$$00000004)
    __rt_lib_shutdown_user_alloc_1           0x0000043b   Thumb Code     0  libshutdown2.o(.ARM.Collect$$libshutdown$$0000000C)
    __rt_entry                               0x0000043d   Thumb Code     0  __rtentry.o(.ARM.Collect$$rtentry$$00000000)
    __rt_entry_presh_1                       0x0000043d   Thumb Code     0  __rtentry2.o(.ARM.Collect$$rtentry$$00000002)
    __rt_entry_sh                            0x0000043d   Thumb Code     0  __rtentry5.o(.ARM.Collect$$rtentry$$00000005)
    __rt_entry_li                            0x00000441   Thumb Code     0  __rtentry2.o(.ARM.Collect$$rtentry$$0000000A)
    __rt_entry_postsh_1                      0x00000441   Thumb Code     0  __rtentry2.o(.ARM.Collect$$rtentry$$00000009)
    __rt_entry_main                          0x00000445   Thumb Code     0  __rtentry2.o(.ARM.Collect$$rtentry$$0000000D)
    __rt_entry_postli_1                      0x00000445   Thumb Code     0  __rtentry2.o(.ARM.Collect$$rtentry$$0000000C)
    __rt_exit                                0x00000451   Thumb Code     0  rtexit.o(.ARM.Collect$$rtexit$$00000000)
    __rt_exit_ls                             0x00000453   Thumb Code     0  rtexit2.o(.ARM.Collect$$rtexit$$00000003)
    __rt_exit_prels_1                        0x00000453   Thumb Code     0  rtexit2.o(.ARM.Collect$$rtexit$$00000002)
    __rt_exit_exit                           0x00000457   Thumb Code     0  rtexit2.o(.ARM.Collect$$rtexit$$00000004)
    PendSV_Handler                           0x0000045d   Thumb Code    40  switch.o(.emb_text)
    Reset_Handler                            0x0000048d   Thumb Code     8  startup_armcm3.o(.text)
    NMI_Handler                              0x00000495   Thumb Code     2  startup_armcm3.o(.text)
    HardFault_Handler                        0x00000497   Thumb Code     2  startup_armcm3.o(.text)
    MemManage_Handler                        0x00000499   Thumb Code     2  startup_armcm3.o(.text)
    BusFault_Handler                         0x0000049b   Thumb Code     2  startup_armcm3.o(.text)
    UsageFault_Handler                       0x0000049d   Thumb Code     2  startup_armcm3.o(.text)
    SVC_Handler                              0x0000049f   Thumb Code     2  startup_armcm3.o(.text)
    DebugMon_Handler                         0x000004a1   Thumb Code     2  startup_armcm3.o(.text)
    Interrupt0_Handler                       0x000004a7   Thumb Code     2  startup_armcm3.o(.text)
    Interrupt1_Handler                       0x000004a9   Thumb Code     2  startup_armcm3.o(.text)
    Interrupt2_Handler                       0x000004ab   Thumb Code     2  startup_armcm3.o(.text)
    Interrupt3_Handler                       0x000004ad   Thumb Code     2  startup_armcm3.o(.text)
    Interrupt4_Handler                       0x000004af   Thumb Code     2  startup_armcm3.o(.text)
    Interrupt5_Handler                       0x000004b1   Thumb Code     2  startup_armcm3.o(.text)
    Interrupt6_Handler                       0x000004b3   Thumb Code     2  startup_armcm3.o(.text)
    Interrupt7_Handler                       0x000004b5   Thumb Code     2  startup_armcm3.o(.text)
    Interrupt8_Handler                       0x000004b7   Thumb Code     2  startup_armcm3.o(.text)
    Interrupt9_Handler                       0x000004b9   Thumb Code     2  startup_armcm3.o(.text)
    __use_two_region_memory                  0x000004c5   Thumb Code     2  heapauxi.o(.text)
    __rt_heap_escrow$2region                 0x000004c7   Thumb Code     2  heapauxi.o(.text)
    __rt_heap_expand$2region                 0x000004c9   Thumb Code     2  heapauxi.o(.text)
    exit                                     0x000004cb   Thumb Code    18  exit.o(.text)
    __I$use$semihosting                      0x000004dd   Thumb Code     0  use_no_semi.o(.text)
    __use_no_semihosting_swi                 0x000004dd   Thumb Code     2  use_no_semi.o(.text)
    __semihosting_library_function           0x000004df   Thumb Code     0  indicate_semi.o(.text)
    _sys_exit                                0x000004e1   Thumb Code     8  sys_exit.o(.text)
    SysTick_Handler                          0x000004ed   Thumb Code     8  tcpu.o(i.SysTick_Handler)
    SystemInit                               0x000004f5   Thumb Code    14  system_armcm3.o(i.SystemInit)
    idleTaskEntry                            0x00000515   Thumb Code     4  main.o(i.idleTaskEntry)
    main                                     0x00000519   Thumb Code    52  main.o(i.main)
    tBitmapClear                             0x00000561   Thumb Code    12  tbitmap.o(i.tBitmapClear)
    tBitmapGetFirstSet                       0x0000056d   Thumb Code    86  tbitmap.o(i.tBitmapGetFirstSet)
    tBitmapInit                              0x000005c9   Thumb Code     6  tbitmap.o(i.tBitmapInit)
    tBitmapPosCount                          0x000005cf   Thumb Code     4  tbitmap.o(i.tBitmapPosCount)
    tBitmapSet                               0x000005d3   Thumb Code    12  tbitmap.o(i.tBitmapSet)
    tEventInit                               0x000005df   Thumb Code    18  tevent.o(i.tEventInit)
    tEventRemoveTask                         0x000005f1   Thumb Code    52  tevent.o(i.tEventRemoveTask)
    tEventWait                               0x00000625   Thumb Code    76  tevent.o(i.tEventWait)
    tEventWaitCount                          0x00000671   Thumb Code    30  tevent.o(i.tEventWaitCount)
    tEventWakeUp                             0x0000068f   Thumb Code    78  tevent.o(i.tEventWakeUp)
    tInitApp                                 0x000006dd   Thumb Code    76  app.o(i.tInitApp)
    tListAddFirst                            0x00000759   Thumb Code    24  tlist.o(i.tListAddFirst)
    tListAddLast                             0x00000771   Thumb Code    20  tlist.o(i.tListAddLast)
    tListCount                               0x00000785   Thumb Code     6  tlist.o(i.tListCount)
    tListFirst                               0x0000078b   Thumb Code    12  tlist.o(i.tListFirst)
    tListInit                                0x00000797   Thumb Code    10  tlist.o(i.tListInit)
    tListRemove                              0x000007a1   Thumb Code    20  tlist.o(i.tListRemove)
    tListRemoveFirst                         0x000007b5   Thumb Code    26  tlist.o(i.tListRemoveFirst)
    tMutexInit                               0x000007cf   Thumb Code    24  tmutex.o(i.tMutexInit)
    tMutexNotify                             0x000007e9   Thumb Code   168  tmutex.o(i.tMutexNotify)
    tMutexWait                               0x00000895   Thumb Code   158  tmutex.o(i.tMutexWait)
    tNodeInit                                0x00000939   Thumb Code     6  tlist.o(i.tNodeInit)
    tSetSysTickPeriod                        0x00000941   Thumb Code    74  tcpu.o(i.tSetSysTickPeriod)
    tTaskDelay                               0x00000999   Thumb Code    40  ttime.o(i.tTaskDelay)
    tTaskDelayedInit                         0x000009c5   Thumb Code    10  main.o(i.tTaskDelayedInit)
    tTaskEnterCritical                       0x000009d5   Thumb Code    12  switch.o(i.tTaskEnterCritical)
    tTaskExitCritical                        0x000009e1   Thumb Code    10  switch.o(i.tTaskExitCritical)
    tTaskHighestReady                        0x000009ed   Thumb Code    30  main.o(i.tTaskHighestReady)
    tTaskInit                                0x00000a15   Thumb Code   190  ttask.o(i.tTaskInit)
    tTaskRunFirst                            0x00000ad5   Thumb Code    24  switch.o(i.tTaskRunFirst)
    tTaskSched                               0x00000af1   Thumb Code    56  main.o(i.tTaskSched)
    tTaskSchedInit                           0x00000b35   Thumb Code    40  main.o(i.tTaskSchedInit)
    tTaskSchedRdy                            0x00000b69   Thumb Code    32  main.o(i.tTaskSchedRdy)
    tTaskSchedUnRdy                          0x00000b91   Thumb Code    50  main.o(i.tTaskSchedUnRdy)
    tTaskSwitch                              0x00000bcd   Thumb Code    10  switch.o(i.tTaskSwitch)
    tTaskSystemTickHandler                   0x00000bdd   Thumb Code   164  main.o(i.tTaskSystemTickHandler)
    tTimeTaskWait                            0x00000c8d   Thumb Code    28  main.o(i.tTimeTaskWait)
    tTimeTaskWakeUp                          0x00000cad   Thumb Code    24  main.o(i.tTimeTaskWakeUp)
    task1Entry                               0x00000cc9   Thumb Code    66  app.o(i.task1Entry)
    task2Entry                               0x00000d15   Thumb Code    54  app.o(i.task2Entry)
    task3Entry                               0x00000d55   Thumb Code    26  app.o(i.task3Entry)
    task4Entry                               0x00000d75   Thumb Code    26  app.o(i.task4Entry)
    Region$$Table$$Base                      0x00000e94   Number         0  anon$$obj.o(Region$$Table)
    Region$$Table$$Limit                     0x00000eb4   Number         0  anon$$obj.o(Region$$Table)
    currentTask                              0x20000000   Data           4  main.o(.data)
    nextTask                                 0x20000004   Data           4  main.o(.data)
    idleTask                                 0x20000008   Data           4  main.o(.data)
    taskPrioBitmap                           0x2000000c   Data           4  main.o(.data)
    schedLockCount                           0x20000010   Data           1  main.o(.data)
    task1Flag                                0x20000014   Data           4  app.o(.data)
    task2Flag                                0x20000018   Data           4  app.o(.data)
    task3Flag                                0x2000001c   Data           4  app.o(.data)
    task4Flag                                0x20000020   Data           4  app.o(.data)
    SystemCoreClock                          0x20000024   Data           4  system_armcm3.o(.data)
    taskTable                                0x20000028   Data         384  main.o(.bss)
    tTaskDelayedList                         0x200001a8   Data          12  main.o(.bss)
    tTaskIdle                                0x200001b4   Data          72  main.o(.bss)
    idleTaskEnv                              0x200001fc   Data        4096  main.o(.bss)
    tTask1                                   0x200011fc   Data          72  app.o(.bss)
    tTask2                                   0x20001244   Data          72  app.o(.bss)
    tTask3                                   0x2000128c   Data          72  app.o(.bss)
    tTask4                                   0x200012d4   Data          72  app.o(.bss)
    task1Env                                 0x2000131c   Data        4096  app.o(.bss)
    task2Env                                 0x2000231c   Data        4096  app.o(.bss)
    task3Env                                 0x2000331c   Data        4096  app.o(.bss)
    task4Env                                 0x2000431c   Data        4096  app.o(.bss)
    mutex                                    0x2000531c   Data          28  app.o(.bss)
    __stack_limit                            0x20005338   Data           0  startup_armcm3.o(STACK)
    __initial_sp                             0x20005738   Data           0  startup_armcm3.o(STACK)



==============================================================================

Memory Map of the image

  Image Entry point : 0x000003c1

  Load Region LR_IROM1 (Base: 0x00000000, Size: 0x00000edc, Max: 0x00040000, ABSOLUTE)

    Execution Region ER_IROM1 (Exec base: 0x00000000, Load base: 0x00000000, Size: 0x00000eb4, Max: 0x00040000, ABSOLUTE)

    Exec Addr    Load Addr    Size         Type   Attr      Idx    E Section Name        Object

    0x00000000   0x00000000   0x000003c0   Data   RO          751    RESET               startup_armcm3.o
    0x000003c0   0x000003c0   0x00000008   Code   RO          797  * !!!main             c_w.l(__main.o)
    0x000003c8   0x000003c8   0x00000034   Code   RO          965    !!!scatter          c_w.l(__scatter.o)
    0x000003fc   0x000003fc   0x0000001a   Code   RO          967    !!handler_copy      c_w.l(__scatter_copy.o)
    0x00000416   0x00000416   0x00000002   PAD
    0x00000418   0x00000418   0x0000001c   Code   RO          969    !!handler_zi        c_w.l(__scatter_zi.o)
    0x00000434   0x00000434   0x00000002   Code   RO          829    .ARM.Collect$$libinit$$00000000  c_w.l(libinit.o)
    0x00000436   0x00000436   0x00000000   Code   RO          838    .ARM.Collect$$libinit$$00000002  c_w.l(libinit2.o)
    0x00000436   0x00000436   0x00000000   Code   RO          840    .ARM.Collect$$libinit$$00000004  c_w.l(libinit2.o)
    0x00000436   0x00000436   0x00000000   Code   RO          843    .ARM.Collect$$libinit$$0000000A  c_w.l(libinit2.o)
    0x00000436   0x00000436   0x00000000   Code   RO          845    .ARM.Collect$$libinit$$0000000C  c_w.l(libinit2.o)
    0x00000436   0x00000436   0x00000000   Code   RO          847    .ARM.Collect$$libinit$$0000000E  c_w.l(libinit2.o)
    0x00000436   0x00000436   0x00000000   Code   RO          850    .ARM.Collect$$libinit$$00000011  c_w.l(libinit2.o)
    0x00000436   0x00000436   0x00000000   Code   RO          852    .ARM.Collect$$libinit$$00000013  c_w.l(libinit2.o)
    0x00000436   0x00000436   0x00000000   Code   RO          854    .ARM.Collect$$libinit$$00000015  c_w.l(libinit2.o)
    0x00000436   0x00000436   0x00000000   Code   RO          856    .ARM.Collect$$libinit$$00000017  c_w.l(libinit2.o)
    0x00000436   0x00000436   0x00000000   Code   RO          858    .ARM.Collect$$libinit$$00000019  c_w.l(libinit2.o)
    0x00000436   0x00000436   0x00000000   Code   RO          860    .ARM.Collect$$libinit$$0000001B  c_w.l(libinit2.o)
    0x00000436   0x00000436   0x00000000   Code   RO          862    .ARM.Collect$$libinit$$0000001D  c_w.l(libinit2.o)
    0x00000436   0x00000436   0x00000000   Code   RO          864    .ARM.Collect$$libinit$$0000001F  c_w.l(libinit2.o)
    0x00000436   0x00000436   0x00000000   Code   RO          866    .ARM.Collect$$libinit$$00000021  c_w.l(libinit2.o)
    0x00000436   0x00000436   0x00000000   Code   RO          868    .ARM.Collect$$libinit$$00000023  c_w.l(libinit2.o)
    0x00000436   0x00000436   0x00000000   Code   RO          870    .ARM.Collect$$libinit$$00000025  c_w.l(libinit2.o)
    0x00000436   0x00000436   0x00000000   Code   RO          874    .ARM.Collect$$libinit$$0000002C  c_w.l(libinit2.o)
    0x00000436   0x00000436   0x00000000   Code   RO          876    .ARM.Collect$$libinit$$0000002E  c_w.l(libinit2.o)
    0x00000436   0x00000436   0x00000000   Code   RO          878    .ARM.Collect$$libinit$$00000030  c_w.l(libinit2.o)
    0x00000436   0x00000436   0x00000000   Code   RO          880    .ARM.Collect$$libinit$$00000032  c_w.l(libinit2.o)
    0x00000436   0x00000436   0x00000002   Code   RO          881    .ARM.Collect$$libinit$$00000033  c_w.l(libinit2.o)
    0x00000438   0x00000438   0x00000002   Code   RO          908    .ARM.Collect$$libshutdown$$00000000  c_w.l(libshutdown.o)
    0x0000043a   0x0000043a   0x00000000   Code   RO          918    .ARM.Collect$$libshutdown$$00000002  c_w.l(libshutdown2.o)
    0x0000043a   0x0000043a   0x00000000   Code   RO          920    .ARM.Collect$$libshutdown$$00000004  c_w.l(libshutdown2.o)
    0x0000043a   0x0000043a   0x00000000   Code   RO          923    .ARM.Collect$$libshutdown$$00000007  c_w.l(libshutdown2.o)
    0x0000043a   0x0000043a   0x00000000   Code   RO          926    .ARM.Collect$$libshutdown$$0000000A  c_w.l(libshutdown2.o)
    0x0000043a   0x0000043a   0x00000000   Code   RO          928    .ARM.Collect$$libshutdown$$0000000C  c_w.l(libshutdown2.o)
    0x0000043a   0x0000043a   0x00000000   Code   RO          931    .ARM.Collect$$libshutdown$$0000000F  c_w.l(libshutdown2.o)
    0x0000043a   0x0000043a   0x00000002   Code   RO          932    .ARM.Collect$$libshutdown$$00000010  c_w.l(libshutdown2.o)
    0x0000043c   0x0000043c   0x00000000   Code   RO          799    .ARM.Collect$$rtentry$$00000000  c_w.l(__rtentry.o)
    0x0000043c   0x0000043c   0x00000000   Code   RO          801    .ARM.Collect$$rtentry$$00000002  c_w.l(__rtentry2.o)
    0x0000043c   0x0000043c   0x00000004   Code   RO          815    .ARM.Collect$$rtentry$$00000005  c_w.l(__rtentry5.o)
    0x00000440   0x00000440   0x00000000   Code   RO          803    .ARM.Collect$$rtentry$$00000009  c_w.l(__rtentry2.o)
    0x00000440   0x00000440   0x00000004   Code   RO          804    .ARM.Collect$$rtentry$$0000000A  c_w.l(__rtentry2.o)
    0x00000444   0x00000444   0x00000000   Code   RO          806    .ARM.Collect$$rtentry$$0000000C  c_w.l(__rtentry2.o)
    0x00000444   0x00000444   0x00000008   Code   RO          807    .ARM.Collect$$rtentry$$0000000D  c_w.l(__rtentry2.o)
    0x0000044c   0x0000044c   0x00000004   Code   RO          816    .ARM.Collect$$rtentry$$00002716  c_w.l(__rtentry5.o)
    0x00000450   0x00000450   0x00000002   Code   RO          835    .ARM.Collect$$rtexit$$00000000  c_w.l(rtexit.o)
    0x00000452   0x00000452   0x00000000   Code   RO          890    .ARM.Collect$$rtexit$$00000002  c_w.l(rtexit2.o)
    0x00000452   0x00000452   0x00000004   Code   RO          891    .ARM.Collect$$rtexit$$00000003  c_w.l(rtexit2.o)
    0x00000456   0x00000456   0x00000006   Code   RO          892    .ARM.Collect$$rtexit$$00000004  c_w.l(rtexit2.o)
    0x0000045c   0x0000045c   0x00000030   Code   RO          175    .emb_text           switch.o
    0x0000048c   0x0000048c   0x00000038   Code   RO          752    .text               startup_armcm3.o
    0x000004c4   0x000004c4   0x00000006   Code   RO          795    .text               c_w.l(heapauxi.o)
    0x000004ca   0x000004ca   0x00000012   Code   RO          822    .text               c_w.l(exit.o)
    0x000004dc   0x000004dc   0x00000002   Code   RO          886    .text               c_w.l(use_no_semi.o)
    0x000004de   0x000004de   0x00000000   Code   RO          888    .text               c_w.l(indicate_semi.o)
    0x000004de   0x000004de   0x00000002   PAD
    0x000004e0   0x000004e0   0x0000000c   Code   RO          900    .text               c_w.l(sys_exit.o)
    0x000004ec   0x000004ec   0x00000008   Code   RO          421    i.SysTick_Handler   tcpu.o
    0x000004f4   0x000004f4   0x00000020   Code   RO          760    i.SystemInit        system_armcm3.o
    0x00000514   0x00000514   0x00000004   Code   RO            4    i.idleTaskEntry     main.o
    0x00000518   0x00000518   0x00000048   Code   RO            5    i.main              main.o
    0x00000560   0x00000560   0x0000000c   Code   RO          225    i.tBitmapClear      tbitmap.o
    0x0000056c   0x0000056c   0x0000005c   Code   RO          226    i.tBitmapGetFirstSet  tbitmap.o
    0x000005c8   0x000005c8   0x00000006   Code   RO          227    i.tBitmapInit       tbitmap.o
    0x000005ce   0x000005ce   0x00000004   Code   RO          228    i.tBitmapPosCount   tbitmap.o
    0x000005d2   0x000005d2   0x0000000c   Code   RO          229    i.tBitmapSet        tbitmap.o
    0x000005de   0x000005de   0x00000012   Code   RO          492    i.tEventInit        tevent.o
    0x000005f0   0x000005f0   0x00000034   Code   RO          494    i.tEventRemoveTask  tevent.o
    0x00000624   0x00000624   0x0000004c   Code   RO          495    i.tEventWait        tevent.o
    0x00000670   0x00000670   0x0000001e   Code   RO          496    i.tEventWaitCount   tevent.o
    0x0000068e   0x0000068e   0x0000004e   Code   RO          497    i.tEventWakeUp      tevent.o
    0x000006dc   0x000006dc   0x0000007c   Code   RO          452    i.tInitApp          app.o
    0x00000758   0x00000758   0x00000018   Code   RO          262    i.tListAddFirst     tlist.o
    0x00000770   0x00000770   0x00000014   Code   RO          263    i.tListAddLast      tlist.o
    0x00000784   0x00000784   0x00000006   Code   RO          264    i.tListCount        tlist.o
    0x0000078a   0x0000078a   0x0000000c   Code   RO          265    i.tListFirst        tlist.o
    0x00000796   0x00000796   0x0000000a   Code   RO          266    i.tListInit         tlist.o
    0x000007a0   0x000007a0   0x00000014   Code   RO          271    i.tListRemove       tlist.o
    0x000007b4   0x000007b4   0x0000001a   Code   RO          273    i.tListRemoveFirst  tlist.o
    0x000007ce   0x000007ce   0x00000018   Code   RO          719    i.tMutexInit        tmutex.o
    0x000007e6   0x000007e6   0x00000002   PAD
    0x000007e8   0x000007e8   0x000000ac   Code   RO          721    i.tMutexNotify      tmutex.o
    0x00000894   0x00000894   0x000000a4   Code   RO          722    i.tMutexWait        tmutex.o
    0x00000938   0x00000938   0x00000006   Code   RO          274    i.tNodeInit         tlist.o
    0x0000093e   0x0000093e   0x00000002   PAD
    0x00000940   0x00000940   0x00000058   Code   RO          422    i.tSetSysTickPeriod  tcpu.o
    0x00000998   0x00000998   0x0000002c   Code   RO          406    i.tTaskDelay        ttime.o
    0x000009c4   0x000009c4   0x00000010   Code   RO            6    i.tTaskDelayedInit  main.o
    0x000009d4   0x000009d4   0x0000000c   Code   RO          176    i.tTaskEnterCritical  switch.o
    0x000009e0   0x000009e0   0x0000000a   Code   RO          177    i.tTaskExitCritical  switch.o
    0x000009ea   0x000009ea   0x00000002   PAD
    0x000009ec   0x000009ec   0x00000028   Code   RO            7    i.tTaskHighestReady  main.o
    0x00000a14   0x00000a14   0x000000be   Code   RO          349    i.tTaskInit         ttask.o
    0x00000ad2   0x00000ad2   0x00000002   PAD
    0x00000ad4   0x00000ad4   0x0000001c   Code   RO          178    i.tTaskRunFirst     switch.o
    0x00000af0   0x00000af0   0x00000044   Code   RO            8    i.tTaskSched        main.o
    0x00000b34   0x00000b34   0x00000034   Code   RO           11    i.tTaskSchedInit    main.o
    0x00000b68   0x00000b68   0x00000028   Code   RO           12    i.tTaskSchedRdy     main.o
    0x00000b90   0x00000b90   0x0000003c   Code   RO           14    i.tTaskSchedUnRdy   main.o
    0x00000bcc   0x00000bcc   0x00000010   Code   RO          179    i.tTaskSwitch       switch.o
    0x00000bdc   0x00000bdc   0x000000b0   Code   RO           15    i.tTaskSystemTickHandler  main.o
    0x00000c8c   0x00000c8c   0x00000020   Code   RO           17    i.tTimeTaskWait     main.o
    0x00000cac   0x00000cac   0x0000001c   Code   RO           18    i.tTimeTaskWakeUp   main.o
    0x00000cc8   0x00000cc8   0x0000004c   Code   RO          453    i.task1Entry        app.o
    0x00000d14   0x00000d14   0x00000040   Code   RO          454    i.task2Entry        app.o
    0x00000d54   0x00000d54   0x00000020   Code   RO          455    i.task3Entry        app.o
    0x00000d74   0x00000d74   0x00000020   Code   RO          456    i.task4Entry        app.o
    0x00000d94   0x00000d94   0x00000100   Data   RO          230    .constdata          tbitmap.o
    0x00000e94   0x00000e94   0x00000020   Data   RO          963    Region$$Table       anon$$obj.o


    Execution Region RW_IRAM1 (Exec base: 0x20000000, Load base: 0x00000eb4, Size: 0x00005738, Max: 0x00020000, ABSOLUTE)

    Exec Addr    Load Addr    Size         Type   Attr      Idx    E Section Name        Object

    0x20000000   0x00000eb4   0x00000011   Data   RW           20    .data               main.o
    0x20000011   0x00000ec5   0x00000003   PAD
    0x20000014   0x00000ec8   0x00000010   Data   RW          458    .data               app.o
    0x20000024   0x00000ed8   0x00000004   Data   RW          761    .data               system_armcm3.o
    0x20000028        -       0x000011d4   Zero   RW           19    .bss                main.o
    0x200011fc        -       0x0000413c   Zero   RW          457    .bss                app.o
    0x20005338        -       0x00000400   Zero   RW          749    STACK               startup_armcm3.o


==============================================================================

Image component sizes


      Code (inc. data)   RO Data    RW Data    ZI Data      Debug   Object Name

       328         80          0         16      16700       3047   app.o
       588         98          0         17       4564      13824   main.o
        56         10        960          0       1024       1152   startup_armcm3.o
       114         18          0          0          0       6255   switch.o
        32         18          0          4          0        631   system_armcm3.o
       126          6        256          0          0       2669   tbitmap.o
        96         14          0          0          0      27981   tcpu.o
       254          0          0          0          0       3358   tevent.o
       124          0          0          0          0       3966   tlist.o
       360         10          0          0          0       2249   tmutex.o
       190          0          0          0          0       1092   ttask.o
        44          4          0          0          0        481   ttime.o

    ----------------------------------------------------------------------
      2320        258       1248         40      22288      66705   Object Totals
         0          0         32          0          0          0   (incl. Generated)
         8          0          0          3          0          0   (incl. Padding)

    ----------------------------------------------------------------------

      Code (inc. data)   RO Data    RW Data    ZI Data      Debug   Library Member Name

         8          0          0          0          0         68   __main.o
         0          0          0          0          0          0   __rtentry.o
        12          0          0          0          0          0   __rtentry2.o
         8          4          0          0          0          0   __rtentry5.o
        52          8          0          0          0          0   __scatter.o
        26          0          0          0          0          0   __scatter_copy.o
        28          0          0          0          0          0   __scatter_zi.o
        18          0          0          0          0         80   exit.o
         6          0          0          0          0        152   heapauxi.o
         0          0          0          0          0          0   indicate_semi.o
         2          0          0          0          0          0   libinit.o
         2          0          0          0          0          0   libinit2.o
         2          0          0          0          0          0   libshutdown.o
         2          0          0          0          0          0   libshutdown2.o
         2          0          0          0          0          0   rtexit.o
        10          0          0          0          0          0   rtexit2.o
        12          4          0          0          0         68   sys_exit.o
         2          0          0          0          0         68   use_no_semi.o

    ----------------------------------------------------------------------
       196         16          0          0          0        436   Library Totals
         4          0          0          0          0          0   (incl. Padding)

    ----------------------------------------------------------------------

      Code (inc. data)   RO Data    RW Data    ZI Data      Debug   Library Name

       192         16          0          0          0        436   c_w.l

    ----------------------------------------------------------------------
       196         16          0          0          0        436   Library Totals

    ----------------------------------------------------------------------

==============================================================================


      Code (inc. data)   RO Data    RW Data    ZI Data      Debug   

      2516        274       1248         40      22288      64849   Grand Totals
      2516        274       1248         40      22288      64849   ELF Image Totals
      2516        274       1248         40          0          0   ROM Totals

==============================================================================

    Total RO  Size (Code + RO Data)                 3764 (   3.68kB)
    Total RW  Size (RW Data + ZI Data)             22328 (  21.80kB)
    Total ROM Size (Code + RO Data + RW Data)       3804 (   3.71kB)

==============================================================================

